  Determining projects to restore...
  All projects are up-to-date for restore.
  SalesSystem.Domain -> C:\Users\ALlahabi\Desktop\Sales Management System\SalesSystem\SalesSystem.Domain\bin\Debug\net10.0\SalesSystem.Domain.dll
  SalesSystem.Contracts -> C:\Users\ALlahabi\Desktop\Sales Management System\SalesSystem\SalesSystem.Contracts\bin\Debug\net10.0\SalesSystem.Contracts.dll
  SalesSystem.Desktop -> C:\Users\ALlahabi\Desktop\Sales Management System\SalesSystem\SalesSystem.Desktop\bin\Debug\net10.0-windows\SalesSystem.Desktop.dll

Build succeeded.
    0 Warning(s)
    0 Error(s)

Time Elapsed 00:00:03.91
