  Determining projects to restore...
  All projects are up-to-date for restore.
  SalesSystem.Domain -> C:\Users\ALlahabi\Desktop\Sales Management System\SalesSystem\SalesSystem.Domain\bin\Debug\net10.0\SalesSystem.Domain.dll
  SalesSystem.Contracts -> C:\Users\ALlahabi\Desktop\Sales Management System\SalesSystem\SalesSystem.Contracts\bin\Debug\net10.0\SalesSystem.Contracts.dll
C:\Users\ALlahabi\Desktop\Sales Management System\SalesSystem\SalesSystem.Desktop\Forms\MainForm.cs(20,7): warning CS0105: The using directive for 'SalesSystem.Desktop.Messaging.Messages' appeared previously in this namespace [C:\Users\ALlahabi\Desktop\Sales Management System\SalesSystem\SalesSystem.Desktop\SalesSystem.Desktop.csproj]
C:\Users\ALlahabi\Desktop\Sales Management System\SalesSystem\SalesSystem.Desktop\Forms\WarehouseEditorForm.cs(74,63): warning CS8602: Dereference of a possibly null reference. [C:\Users\ALlahabi\Desktop\Sales Management System\SalesSystem\SalesSystem.Desktop\SalesSystem.Desktop.csproj]
C:\Users\ALlahabi\Desktop\Sales Management System\SalesSystem\SalesSystem.Desktop\Controls\Warehouses\WarehousesListControl.cs(105,53): warning CS8602: Dereference of a possibly null reference. [C:\Users\ALlahabi\Desktop\Sales Management System\SalesSystem\SalesSystem.Desktop\SalesSystem.Desktop.csproj]
C:\Users\ALlahabi\Desktop\Sales Management System\SalesSystem\SalesSystem.Desktop\Forms\CustomerPaymentDialog.cs(47,26): warning CS8604: Possible null reference argument for parameter 'source' in 'List<CustomerDto> Enumerable.ToList<CustomerDto>(IEnumerable<CustomerDto> source)'. [C:\Users\ALlahabi\Desktop\Sales Management System\SalesSystem\SalesSystem.Desktop\SalesSystem.Desktop.csproj]
C:\Users\ALlahabi\Desktop\Sales Management System\SalesSystem\SalesSystem.Desktop\Forms\CustomerPaymentDialog.cs(66,55): error CS1739: The best overload for 'GetAllAsync' does not have a parameter named 'customerId' [C:\Users\ALlahabi\Desktop\Sales Management System\SalesSystem\SalesSystem.Desktop\SalesSystem.Desktop.csproj]
C:\Users\ALlahabi\Desktop\Sales Management System\SalesSystem\SalesSystem.Desktop\Forms\CustomerPaymentDialog.cs(90,68): error CS1503: Argument 2: cannot convert from 'int?' to 'decimal' [C:\Users\ALlahabi\Desktop\Sales Management System\SalesSystem\SalesSystem.Desktop\SalesSystem.Desktop.csproj]
C:\Users\ALlahabi\Desktop\Sales Management System\SalesSystem\SalesSystem.Desktop\Forms\CustomerPaymentDialog.cs(90,79): error CS1503: Argument 3: cannot convert from 'decimal' to 'SalesSystem.Contracts.Enums.PaymentType' [C:\Users\ALlahabi\Desktop\Sales Management System\SalesSystem\SalesSystem.Desktop\SalesSystem.Desktop.csproj]
C:\Users\ALlahabi\Desktop\Sales Management System\SalesSystem\SalesSystem.Desktop\Forms\CustomerPaymentDialog.cs(90,102): error CS1503: Argument 5: cannot convert from 'string' to 'int?' [C:\Users\ALlahabi\Desktop\Sales Management System\SalesSystem\SalesSystem.Desktop\SalesSystem.Desktop.csproj]
C:\Users\ALlahabi\Desktop\Sales Management System\SalesSystem\SalesSystem.Desktop\Forms\CustomerPaymentDialog.cs(96,65): warning CS8602: Dereference of a possibly null reference. [C:\Users\ALlahabi\Desktop\Sales Management System\SalesSystem\SalesSystem.Desktop\SalesSystem.Desktop.csproj]
C:\Users\ALlahabi\Desktop\Sales Management System\SalesSystem\SalesSystem.Desktop\Forms\PurchaseInvoiceForm.cs(79,27): warning CS8604: Possible null reference argument for parameter 'source' in 'WarehouseDto? Enumerable.FirstOrDefault<WarehouseDto>(IEnumerable<WarehouseDto> source, Func<WarehouseDto, bool> predicate)'. [C:\Users\ALlahabi\Desktop\Sales Management System\SalesSystem\SalesSystem.Desktop\SalesSystem.Desktop.csproj]
C:\Users\ALlahabi\Desktop\Sales Management System\SalesSystem\SalesSystem.Desktop\Forms\PurchaseInvoiceForm.cs(85,50): warning CS8604: Possible null reference argument for parameter 'source' in 'List<ProductDto> Enumerable.ToList<ProductDto>(IEnumerable<ProductDto> source)'. [C:\Users\ALlahabi\Desktop\Sales Management System\SalesSystem\SalesSystem.Desktop\SalesSystem.Desktop.csproj]
C:\Users\ALlahabi\Desktop\Sales Management System\SalesSystem\SalesSystem.Desktop\Forms\PurchaseReturnForm.cs(79,27): warning CS8604: Possible null reference argument for parameter 'source' in 'WarehouseDto? Enumerable.FirstOrDefault<WarehouseDto>(IEnumerable<WarehouseDto> source, Func<WarehouseDto, bool> predicate)'. [C:\Users\ALlahabi\Desktop\Sales Management System\SalesSystem\SalesSystem.Desktop\SalesSystem.Desktop.csproj]
C:\Users\ALlahabi\Desktop\Sales Management System\SalesSystem\SalesSystem.Desktop\Forms\PurchaseReturnForm.cs(85,50): warning CS8604: Possible null reference argument for parameter 'source' in 'List<ProductDto> Enumerable.ToList<ProductDto>(IEnumerable<ProductDto> source)'. [C:\Users\ALlahabi\Desktop\Sales Management System\SalesSystem\SalesSystem.Desktop\SalesSystem.Desktop.csproj]
C:\Users\ALlahabi\Desktop\Sales Management System\SalesSystem\SalesSystem.Desktop\Forms\PurchaseReturnForm.cs(91,50): error CS1061: 'PurchaseReturnDto' does not contain a definition for 'InvoiceNo' and no accessible extension method 'InvoiceNo' accepting a first argument of type 'PurchaseReturnDto' could be found (are you missing a using directive or an assembly reference?) [C:\Users\ALlahabi\Desktop\Sales Management System\SalesSystem\SalesSystem.Desktop\SalesSystem.Desktop.csproj]
C:\Users\ALlahabi\Desktop\Sales Management System\SalesSystem\SalesSystem.Desktop\Forms\PurchaseReturnForm.cs(92,38): error CS1061: 'PurchaseReturnDto' does not contain a definition for 'InvoiceNo' and no accessible extension method 'InvoiceNo' accepting a first argument of type 'PurchaseReturnDto' could be found (are you missing a using directive or an assembly reference?) [C:\Users\ALlahabi\Desktop\Sales Management System\SalesSystem\SalesSystem.Desktop\SalesSystem.Desktop.csproj]
C:\Users\ALlahabi\Desktop\Sales Management System\SalesSystem\SalesSystem.Desktop\Forms\PurchaseReturnForm.cs(93,34): error CS1061: 'PurchaseReturnDto' does not contain a definition for 'InvoiceDate' and no accessible extension method 'InvoiceDate' accepting a first argument of type 'PurchaseReturnDto' could be found (are you missing a using directive or an assembly reference?) [C:\Users\ALlahabi\Desktop\Sales Management System\SalesSystem\SalesSystem.Desktop\SalesSystem.Desktop.csproj]
C:\Users\ALlahabi\Desktop\Sales Management System\SalesSystem\SalesSystem.Desktop\Forms\PurchaseReturnForm.cs(96,38): error CS1061: 'PurchaseReturnDto' does not contain a definition for 'ReferenceInvoiceNo' and no accessible extension method 'ReferenceInvoiceNo' accepting a first argument of type 'PurchaseReturnDto' could be found (are you missing a using directive or an assembly reference?) [C:\Users\ALlahabi\Desktop\Sales Management System\SalesSystem\SalesSystem.Desktop\SalesSystem.Desktop.csproj]
C:\Users\ALlahabi\Desktop\Sales Management System\SalesSystem\SalesSystem.Desktop\Forms\PurchaseReturnForm.cs(105,36): error CS1061: 'PurchaseReturnItemDto' does not contain a definition for 'ProductCode' and no accessible extension method 'ProductCode' accepting a first argument of type 'PurchaseReturnItemDto' could be found (are you missing a using directive or an assembly reference?) [C:\Users\ALlahabi\Desktop\Sales Management System\SalesSystem\SalesSystem.Desktop\SalesSystem.Desktop.csproj]
C:\Users\ALlahabi\Desktop\Sales Management System\SalesSystem\SalesSystem.Desktop\Forms\PurchaseReturnForm.cs(94,37): warning CS8602: Dereference of a possibly null reference. [C:\Users\ALlahabi\Desktop\Sales Management System\SalesSystem\SalesSystem.Desktop\SalesSystem.Desktop.csproj]
C:\Users\ALlahabi\Desktop\Sales Management System\SalesSystem\SalesSystem.Desktop\Forms\SalesInvoiceForm.cs(72,24): warning CS8604: Possible null reference argument for parameter 'source' in 'List<CustomerDto> Enumerable.ToList<CustomerDto>(IEnumerable<CustomerDto> source)'. [C:\Users\ALlahabi\Desktop\Sales Management System\SalesSystem\SalesSystem.Desktop\SalesSystem.Desktop.csproj]
C:\Users\ALlahabi\Desktop\Sales Management System\SalesSystem\SalesSystem.Desktop\Forms\SalesInvoiceForm.cs(88,27): warning CS8604: Possible null reference argument for parameter 'source' in 'WarehouseDto? Enumerable.FirstOrDefault<WarehouseDto>(IEnumerable<WarehouseDto> source, Func<WarehouseDto, bool> predicate)'. [C:\Users\ALlahabi\Desktop\Sales Management System\SalesSystem\SalesSystem.Desktop\SalesSystem.Desktop.csproj]
C:\Users\ALlahabi\Desktop\Sales Management System\SalesSystem\SalesSystem.Desktop\Forms\SalesInvoiceForm.cs(96,28): warning CS8604: Possible null reference argument for parameter 'source' in 'List<ProductDto> Enumerable.ToList<ProductDto>(IEnumerable<ProductDto> source)'. [C:\Users\ALlahabi\Desktop\Sales Management System\SalesSystem\SalesSystem.Desktop\SalesSystem.Desktop.csproj]
C:\Users\ALlahabi\Desktop\Sales Management System\SalesSystem\SalesSystem.Desktop\Forms\SalesInvoiceForm.cs(120,36): error CS1061: 'SalesInvoiceItemDto' does not contain a definition for 'ProductCode' and no accessible extension method 'ProductCode' accepting a first argument of type 'SalesInvoiceItemDto' could be found (are you missing a using directive or an assembly reference?) [C:\Users\ALlahabi\Desktop\Sales Management System\SalesSystem\SalesSystem.Desktop\SalesSystem.Desktop.csproj]
C:\Users\ALlahabi\Desktop\Sales Management System\SalesSystem\SalesSystem.Desktop\Forms\SalesReturnForm.cs(66,24): warning CS8604: Possible null reference argument for parameter 'source' in 'List<CustomerDto> Enumerable.ToList<CustomerDto>(IEnumerable<CustomerDto> source)'. [C:\Users\ALlahabi\Desktop\Sales Management System\SalesSystem\SalesSystem.Desktop\SalesSystem.Desktop.csproj]
C:\Users\ALlahabi\Desktop\Sales Management System\SalesSystem\SalesSystem.Desktop\Forms\SalesReturnForm.cs(81,27): warning CS8604: Possible null reference argument for parameter 'source' in 'WarehouseDto? Enumerable.FirstOrDefault<WarehouseDto>(IEnumerable<WarehouseDto> source, Func<WarehouseDto, bool> predicate)'. [C:\Users\ALlahabi\Desktop\Sales Management System\SalesSystem\SalesSystem.Desktop\SalesSystem.Desktop.csproj]
C:\Users\ALlahabi\Desktop\Sales Management System\SalesSystem\SalesSystem.Desktop\Forms\SalesReturnForm.cs(87,50): warning CS8604: Possible null reference argument for parameter 'source' in 'List<ProductDto> Enumerable.ToList<ProductDto>(IEnumerable<ProductDto> source)'. [C:\Users\ALlahabi\Desktop\Sales Management System\SalesSystem\SalesSystem.Desktop\SalesSystem.Desktop.csproj]
C:\Users\ALlahabi\Desktop\Sales Management System\SalesSystem\SalesSystem.Desktop\Forms\CustomerEditorForm.cs(76,66): warning CS8602: Dereference of a possibly null reference. [C:\Users\ALlahabi\Desktop\Sales Management System\SalesSystem\SalesSystem.Desktop\SalesSystem.Desktop.csproj]
C:\Users\ALlahabi\Desktop\Sales Management System\SalesSystem\SalesSystem.Desktop\Forms\ProductEditorForm.cs(118,28): warning CS8602: Dereference of a possibly null reference. [C:\Users\ALlahabi\Desktop\Sales Management System\SalesSystem\SalesSystem.Desktop\SalesSystem.Desktop.csproj]
C:\Users\ALlahabi\Desktop\Sales Management System\SalesSystem\SalesSystem.Desktop\Forms\ProductEditorForm.cs(121,41): warning CS8601: Possible null reference assignment. [C:\Users\ALlahabi\Desktop\Sales Management System\SalesSystem\SalesSystem.Desktop\SalesSystem.Desktop.csproj]
C:\Users\ALlahabi\Desktop\Sales Management System\SalesSystem\SalesSystem.Desktop\Forms\ProductEditorForm.cs(122,37): warning CS8601: Possible null reference assignment. [C:\Users\ALlahabi\Desktop\Sales Management System\SalesSystem\SalesSystem.Desktop\SalesSystem.Desktop.csproj]
C:\Users\ALlahabi\Desktop\Sales Management System\SalesSystem\SalesSystem.Desktop\Forms\PurchaseInvoiceForm.cs(107,36): error CS1061: 'PurchaseInvoiceItemDto' does not contain a definition for 'ProductCode' and no accessible extension method 'ProductCode' accepting a first argument of type 'PurchaseInvoiceItemDto' could be found (are you missing a using directive or an assembly reference?) [C:\Users\ALlahabi\Desktop\Sales Management System\SalesSystem\SalesSystem.Desktop\SalesSystem.Desktop.csproj]
C:\Users\ALlahabi\Desktop\Sales Management System\SalesSystem\SalesSystem.Desktop\Forms\ProductEditorForm.cs(185,57): warning CS8602: Dereference of a possibly null reference. [C:\Users\ALlahabi\Desktop\Sales Management System\SalesSystem\SalesSystem.Desktop\SalesSystem.Desktop.csproj]
C:\Users\ALlahabi\Desktop\Sales Management System\SalesSystem\SalesSystem.Desktop\Forms\PurchaseInvoiceForm.cs(157,40): error CS1061: 'ProductDto' does not contain a definition for 'PurchaseCost' and no accessible extension method 'PurchaseCost' accepting a first argument of type 'ProductDto' could be found (are you missing a using directive or an assembly reference?) [C:\Users\ALlahabi\Desktop\Sales Management System\SalesSystem\SalesSystem.Desktop\SalesSystem.Desktop.csproj]
C:\Users\ALlahabi\Desktop\Sales Management System\SalesSystem\SalesSystem.Desktop\Forms\PurchaseReturnForm.cs(137,100): error CS1061: 'ProductDto' does not contain a definition for 'LastPurchaseCost' and no accessible extension method 'LastPurchaseCost' accepting a first argument of type 'ProductDto' could be found (are you missing a using directive or an assembly reference?) [C:\Users\ALlahabi\Desktop\Sales Management System\SalesSystem\SalesSystem.Desktop\SalesSystem.Desktop.csproj]
C:\Users\ALlahabi\Desktop\Sales Management System\SalesSystem\SalesSystem.Desktop\Forms\SalesReturnForm.cs(93,49): error CS1061: 'SalesReturnDto' does not contain a definition for 'InvoiceNo' and no accessible extension method 'InvoiceNo' accepting a first argument of type 'SalesReturnDto' could be found (are you missing a using directive or an assembly reference?) [C:\Users\ALlahabi\Desktop\Sales Management System\SalesSystem\SalesSystem.Desktop\SalesSystem.Desktop.csproj]
C:\Users\ALlahabi\Desktop\Sales Management System\SalesSystem\SalesSystem.Desktop\Forms\SalesReturnForm.cs(94,38): error CS1061: 'SalesReturnDto' does not contain a definition for 'InvoiceNo' and no accessible extension method 'InvoiceNo' accepting a first argument of type 'SalesReturnDto' could be found (are you missing a using directive or an assembly reference?) [C:\Users\ALlahabi\Desktop\Sales Management System\SalesSystem\SalesSystem.Desktop\SalesSystem.Desktop.csproj]
C:\Users\ALlahabi\Desktop\Sales Management System\SalesSystem\SalesSystem.Desktop\Forms\SalesReturnForm.cs(95,34): error CS1061: 'SalesReturnDto' does not contain a definition for 'InvoiceDate' and no accessible extension method 'InvoiceDate' accepting a first argument of type 'SalesReturnDto' could be found (are you missing a using directive or an assembly reference?) [C:\Users\ALlahabi\Desktop\Sales Management System\SalesSystem\SalesSystem.Desktop\SalesSystem.Desktop.csproj]
C:\Users\ALlahabi\Desktop\Sales Management System\SalesSystem\SalesSystem.Desktop\Forms\SalesReturnForm.cs(98,38): error CS1061: 'SalesReturnDto' does not contain a definition for 'ReferenceInvoiceNo' and no accessible extension method 'ReferenceInvoiceNo' accepting a first argument of type 'SalesReturnDto' could be found (are you missing a using directive or an assembly reference?) [C:\Users\ALlahabi\Desktop\Sales Management System\SalesSystem\SalesSystem.Desktop\SalesSystem.Desktop.csproj]
C:\Users\ALlahabi\Desktop\Sales Management System\SalesSystem\SalesSystem.Desktop\Forms\SalesReturnForm.cs(107,36): error CS1061: 'SalesReturnItemDto' does not contain a definition for 'ProductCode' and no accessible extension method 'ProductCode' accepting a first argument of type 'SalesReturnItemDto' could be found (are you missing a using directive or an assembly reference?) [C:\Users\ALlahabi\Desktop\Sales Management System\SalesSystem\SalesSystem.Desktop\SalesSystem.Desktop.csproj]
C:\Users\ALlahabi\Desktop\Sales Management System\SalesSystem\SalesSystem.Desktop\Forms\SalesReturnForm.cs(96,37): warning CS8602: Dereference of a possibly null reference. [C:\Users\ALlahabi\Desktop\Sales Management System\SalesSystem\SalesSystem.Desktop\SalesSystem.Desktop.csproj]
C:\Users\ALlahabi\Desktop\Sales Management System\SalesSystem\SalesSystem.Desktop\Forms\StockTransferForm.cs(61,25): warning CS8604: Possible null reference argument for parameter 'source' in 'List<WarehouseDto> Enumerable.ToList<WarehouseDto>(IEnumerable<WarehouseDto> source)'. [C:\Users\ALlahabi\Desktop\Sales Management System\SalesSystem\SalesSystem.Desktop\SalesSystem.Desktop.csproj]
C:\Users\ALlahabi\Desktop\Sales Management System\SalesSystem\SalesSystem.Desktop\Forms\StockTransferForm.cs(76,50): warning CS8604: Possible null reference argument for parameter 'source' in 'List<ProductDto> Enumerable.ToList<ProductDto>(IEnumerable<ProductDto> source)'. [C:\Users\ALlahabi\Desktop\Sales Management System\SalesSystem\SalesSystem.Desktop\SalesSystem.Desktop.csproj]
C:\Users\ALlahabi\Desktop\Sales Management System\SalesSystem\SalesSystem.Desktop\Forms\StockTransferForm.cs(85,45): error CS1061: 'StockTransferDto' does not contain a definition for 'SourceWarehouseId' and no accessible extension method 'SourceWarehouseId' accepting a first argument of type 'StockTransferDto' could be found (are you missing a using directive or an assembly reference?) [C:\Users\ALlahabi\Desktop\Sales Management System\SalesSystem\SalesSystem.Desktop\SalesSystem.Desktop.csproj]
C:\Users\ALlahabi\Desktop\Sales Management System\SalesSystem\SalesSystem.Desktop\Forms\StockTransferForm.cs(86,43): error CS1061: 'StockTransferDto' does not contain a definition for 'DestinationWarehouseId' and no accessible extension method 'DestinationWarehouseId' accepting a first argument of type 'StockTransferDto' could be found (are you missing a using directive or an assembly reference?) [C:\Users\ALlahabi\Desktop\Sales Management System\SalesSystem\SalesSystem.Desktop\SalesSystem.Desktop.csproj]
C:\Users\ALlahabi\Desktop\Sales Management System\SalesSystem\SalesSystem.Desktop\Forms\StockTransferForm.cs(94,36): error CS1061: 'StockTransferItemDto' does not contain a definition for 'ProductCode' and no accessible extension method 'ProductCode' accepting a first argument of type 'StockTransferItemDto' could be found (are you missing a using directive or an assembly reference?) [C:\Users\ALlahabi\Desktop\Sales Management System\SalesSystem\SalesSystem.Desktop\SalesSystem.Desktop.csproj]
C:\Users\ALlahabi\Desktop\Sales Management System\SalesSystem\SalesSystem.Desktop\Forms\SupplierEditorForm.cs(76,66): warning CS8602: Dereference of a possibly null reference. [C:\Users\ALlahabi\Desktop\Sales Management System\SalesSystem\SalesSystem.Desktop\SalesSystem.Desktop.csproj]
C:\Users\ALlahabi\Desktop\Sales Management System\SalesSystem\SalesSystem.Desktop\Forms\SupplierPaymentDialog.cs(47,26): warning CS8604: Possible null reference argument for parameter 'source' in 'List<SupplierDto> Enumerable.ToList<SupplierDto>(IEnumerable<SupplierDto> source)'. [C:\Users\ALlahabi\Desktop\Sales Management System\SalesSystem\SalesSystem.Desktop\SalesSystem.Desktop.csproj]
C:\Users\ALlahabi\Desktop\Sales Management System\SalesSystem\SalesSystem.Desktop\Forms\SupplierPaymentDialog.cs(66,58): error CS1739: The best overload for 'GetAllAsync' does not have a parameter named 'supplierId' [C:\Users\ALlahabi\Desktop\Sales Management System\SalesSystem\SalesSystem.Desktop\SalesSystem.Desktop.csproj]
C:\Users\ALlahabi\Desktop\Sales Management System\SalesSystem\SalesSystem.Desktop\Forms\SupplierPaymentDialog.cs(90,68): error CS1503: Argument 2: cannot convert from 'int?' to 'decimal' [C:\Users\ALlahabi\Desktop\Sales Management System\SalesSystem\SalesSystem.Desktop\SalesSystem.Desktop.csproj]
C:\Users\ALlahabi\Desktop\Sales Management System\SalesSystem\SalesSystem.Desktop\Forms\SupplierPaymentDialog.cs(90,79): error CS1503: Argument 3: cannot convert from 'decimal' to 'SalesSystem.Contracts.Enums.PaymentType' [C:\Users\ALlahabi\Desktop\Sales Management System\SalesSystem\SalesSystem.Desktop\SalesSystem.Desktop.csproj]
C:\Users\ALlahabi\Desktop\Sales Management System\SalesSystem\SalesSystem.Desktop\Forms\SupplierPaymentDialog.cs(90,102): error CS1503: Argument 5: cannot convert from 'string' to 'int?' [C:\Users\ALlahabi\Desktop\Sales Management System\SalesSystem\SalesSystem.Desktop\SalesSystem.Desktop.csproj]
C:\Users\ALlahabi\Desktop\Sales Management System\SalesSystem\SalesSystem.Desktop\Forms\SupplierPaymentDialog.cs(96,65): warning CS8602: Dereference of a possibly null reference. [C:\Users\ALlahabi\Desktop\Sales Management System\SalesSystem\SalesSystem.Desktop\SalesSystem.Desktop.csproj]
C:\Users\ALlahabi\Desktop\Sales Management System\SalesSystem\SalesSystem.Desktop\Forms\PurchaseReturnForm.cs(184,76): error CS0246: The type or namespace name 'CreatePurchaseReturnItemRequest' could not be found (are you missing a using directive or an assembly reference?) [C:\Users\ALlahabi\Desktop\Sales Management System\SalesSystem\SalesSystem.Desktop\SalesSystem.Desktop.csproj]
C:\Users\ALlahabi\Desktop\Sales Management System\SalesSystem\SalesSystem.Desktop\Forms\PurchaseReturnForm.cs(185,31): error CS1729: 'CreatePurchaseReturnRequest' does not contain a constructor that takes 7 arguments [C:\Users\ALlahabi\Desktop\Sales Management System\SalesSystem\SalesSystem.Desktop\SalesSystem.Desktop.csproj]
C:\Users\ALlahabi\Desktop\Sales Management System\SalesSystem\SalesSystem.Desktop\Forms\PurchaseReturnForm.cs(185,59): warning CS8605: Unboxing a possibly null value. [C:\Users\ALlahabi\Desktop\Sales Management System\SalesSystem\SalesSystem.Desktop\SalesSystem.Desktop.csproj]
C:\Users\ALlahabi\Desktop\Sales Management System\SalesSystem\SalesSystem.Desktop\Forms\PurchaseReturnForm.cs(185,92): warning CS8605: Unboxing a possibly null value. [C:\Users\ALlahabi\Desktop\Sales Management System\SalesSystem\SalesSystem.Desktop\SalesSystem.Desktop.csproj]
C:\Users\ALlahabi\Desktop\Sales Management System\SalesSystem\SalesSystem.Desktop\Forms\PurchaseReturnForm.cs(190,62): warning CS8602: Dereference of a possibly null reference. [C:\Users\ALlahabi\Desktop\Sales Management System\SalesSystem\SalesSystem.Desktop\SalesSystem.Desktop.csproj]
C:\Users\ALlahabi\Desktop\Sales Management System\SalesSystem\SalesSystem.Desktop\Forms\PurchaseReturnForm.cs(193,68): warning CS8602: Dereference of a possibly null reference. [C:\Users\ALlahabi\Desktop\Sales Management System\SalesSystem\SalesSystem.Desktop\SalesSystem.Desktop.csproj]
C:\Users\ALlahabi\Desktop\Sales Management System\SalesSystem\SalesSystem.Desktop\Services\Api\SalesInvoiceApiService.cs(44,71): warning CS8625: Cannot convert null literal to non-nullable reference type. [C:\Users\ALlahabi\Desktop\Sales Management System\SalesSystem\SalesSystem.Desktop\SalesSystem.Desktop.csproj]
C:\Users\ALlahabi\Desktop\Sales Management System\SalesSystem\SalesSystem.Desktop\Services\Api\SalesInvoiceApiService.cs(49,73): warning CS8625: Cannot convert null literal to non-nullable reference type. [C:\Users\ALlahabi\Desktop\Sales Management System\SalesSystem\SalesSystem.Desktop\SalesSystem.Desktop.csproj]
C:\Users\ALlahabi\Desktop\Sales Management System\SalesSystem\SalesSystem.Desktop\Forms\PurchaseInvoiceForm.cs(230,17): warning CS8605: Unboxing a possibly null value. [C:\Users\ALlahabi\Desktop\Sales Management System\SalesSystem\SalesSystem.Desktop\SalesSystem.Desktop.csproj]
C:\Users\ALlahabi\Desktop\Sales Management System\SalesSystem\SalesSystem.Desktop\Forms\PurchaseInvoiceForm.cs(231,17): warning CS8605: Unboxing a possibly null value. [C:\Users\ALlahabi\Desktop\Sales Management System\SalesSystem\SalesSystem.Desktop\SalesSystem.Desktop.csproj]
C:\Users\ALlahabi\Desktop\Sales Management System\SalesSystem\SalesSystem.Desktop\Forms\PurchaseInvoiceForm.cs(247,64): warning CS8602: Dereference of a possibly null reference. [C:\Users\ALlahabi\Desktop\Sales Management System\SalesSystem\SalesSystem.Desktop\SalesSystem.Desktop.csproj]
C:\Users\ALlahabi\Desktop\Sales Management System\SalesSystem\SalesSystem.Desktop\Forms\PurchaseInvoiceForm.cs(257,69): warning CS8602: Dereference of a possibly null reference. [C:\Users\ALlahabi\Desktop\Sales Management System\SalesSystem\SalesSystem.Desktop\SalesSystem.Desktop.csproj]
C:\Users\ALlahabi\Desktop\Sales Management System\SalesSystem\SalesSystem.Desktop\Services\Api\PurchaseInvoiceApiService.cs(44,71): warning CS8625: Cannot convert null literal to non-nullable reference type. [C:\Users\ALlahabi\Desktop\Sales Management System\SalesSystem\SalesSystem.Desktop\SalesSystem.Desktop.csproj]
C:\Users\ALlahabi\Desktop\Sales Management System\SalesSystem\SalesSystem.Desktop\Services\Api\PurchaseInvoiceApiService.cs(49,73): warning CS8625: Cannot convert null literal to non-nullable reference type. [C:\Users\ALlahabi\Desktop\Sales Management System\SalesSystem\SalesSystem.Desktop\SalesSystem.Desktop.csproj]
C:\Users\ALlahabi\Desktop\Sales Management System\SalesSystem\SalesSystem.Desktop\Forms\StockTransferForm.cs(151,21): warning CS8605: Unboxing a possibly null value. [C:\Users\ALlahabi\Desktop\Sales Management System\SalesSystem\SalesSystem.Desktop\SalesSystem.Desktop.csproj]
C:\Users\ALlahabi\Desktop\Sales Management System\SalesSystem\SalesSystem.Desktop\Forms\StockTransferForm.cs(152,21): warning CS8605: Unboxing a possibly null value. [C:\Users\ALlahabi\Desktop\Sales Management System\SalesSystem\SalesSystem.Desktop\SalesSystem.Desktop.csproj]
C:\Users\ALlahabi\Desktop\Sales Management System\SalesSystem\SalesSystem.Desktop\Forms\StockTransferForm.cs(163,64): warning CS8602: Dereference of a possibly null reference. [C:\Users\ALlahabi\Desktop\Sales Management System\SalesSystem\SalesSystem.Desktop\SalesSystem.Desktop.csproj]
C:\Users\ALlahabi\Desktop\Sales Management System\SalesSystem\SalesSystem.Desktop\Forms\StockTransferForm.cs(166,67): warning CS8602: Dereference of a possibly null reference. [C:\Users\ALlahabi\Desktop\Sales Management System\SalesSystem\SalesSystem.Desktop\SalesSystem.Desktop.csproj]
C:\Users\ALlahabi\Desktop\Sales Management System\SalesSystem\SalesSystem.Desktop\Program.cs(106,39): error CS0246: The type or namespace name 'SalesInvoiceDialogFactory' could not be found (are you missing a using directive or an assembly reference?) [C:\Users\ALlahabi\Desktop\Sales Management System\SalesSystem\SalesSystem.Desktop\SalesSystem.Desktop.csproj]
C:\Users\ALlahabi\Desktop\Sales Management System\SalesSystem\SalesSystem.Desktop\Program.cs(107,39): error CS0246: The type or namespace name 'PurchaseInvoiceDialogFactory' could not be found (are you missing a using directive or an assembly reference?) [C:\Users\ALlahabi\Desktop\Sales Management System\SalesSystem\SalesSystem.Desktop\SalesSystem.Desktop.csproj]
C:\Users\ALlahabi\Desktop\Sales Management System\SalesSystem\SalesSystem.Desktop\Forms\SalesInvoiceForm.cs(268,17): warning CS8605: Unboxing a possibly null value. [C:\Users\ALlahabi\Desktop\Sales Management System\SalesSystem\SalesSystem.Desktop\SalesSystem.Desktop.csproj]
C:\Users\ALlahabi\Desktop\Sales Management System\SalesSystem\SalesSystem.Desktop\Forms\SalesInvoiceForm.cs(269,17): warning CS8605: Unboxing a possibly null value. [C:\Users\ALlahabi\Desktop\Sales Management System\SalesSystem\SalesSystem.Desktop\SalesSystem.Desktop.csproj]
C:\Users\ALlahabi\Desktop\Sales Management System\SalesSystem\SalesSystem.Desktop\Forms\SalesInvoiceForm.cs(285,61): warning CS8602: Dereference of a possibly null reference. [C:\Users\ALlahabi\Desktop\Sales Management System\SalesSystem\SalesSystem.Desktop\SalesSystem.Desktop.csproj]
C:\Users\ALlahabi\Desktop\Sales Management System\SalesSystem\SalesSystem.Desktop\Forms\SalesInvoiceForm.cs(299,65): warning CS8602: Dereference of a possibly null reference. [C:\Users\ALlahabi\Desktop\Sales Management System\SalesSystem\SalesSystem.Desktop\SalesSystem.Desktop.csproj]
C:\Users\ALlahabi\Desktop\Sales Management System\SalesSystem\SalesSystem.Desktop\Forms\SalesReturnForm.cs(186,76): error CS0246: The type or namespace name 'CreateSalesReturnItemRequest' could not be found (are you missing a using directive or an assembly reference?) [C:\Users\ALlahabi\Desktop\Sales Management System\SalesSystem\SalesSystem.Desktop\SalesSystem.Desktop.csproj]
C:\Users\ALlahabi\Desktop\Sales Management System\SalesSystem\SalesSystem.Desktop\Forms\SalesReturnForm.cs(187,31): error CS1729: 'CreateSalesReturnRequest' does not contain a constructor that takes 7 arguments [C:\Users\ALlahabi\Desktop\Sales Management System\SalesSystem\SalesSystem.Desktop\SalesSystem.Desktop.csproj]
C:\Users\ALlahabi\Desktop\Sales Management System\SalesSystem\SalesSystem.Desktop\Forms\SalesReturnForm.cs(187,56): warning CS8605: Unboxing a possibly null value. [C:\Users\ALlahabi\Desktop\Sales Management System\SalesSystem\SalesSystem.Desktop\SalesSystem.Desktop.csproj]
C:\Users\ALlahabi\Desktop\Sales Management System\SalesSystem\SalesSystem.Desktop\Forms\SalesReturnForm.cs(187,89): warning CS8605: Unboxing a possibly null value. [C:\Users\ALlahabi\Desktop\Sales Management System\SalesSystem\SalesSystem.Desktop\SalesSystem.Desktop.csproj]
C:\Users\ALlahabi\Desktop\Sales Management System\SalesSystem\SalesSystem.Desktop\Forms\SalesReturnForm.cs(192,62): warning CS8602: Dereference of a possibly null reference. [C:\Users\ALlahabi\Desktop\Sales Management System\SalesSystem\SalesSystem.Desktop\SalesSystem.Desktop.csproj]
C:\Users\ALlahabi\Desktop\Sales Management System\SalesSystem\SalesSystem.Desktop\Forms\SalesReturnForm.cs(195,65): warning CS8602: Dereference of a possibly null reference. [C:\Users\ALlahabi\Desktop\Sales Management System\SalesSystem\SalesSystem.Desktop\SalesSystem.Desktop.csproj]
C:\Users\ALlahabi\Desktop\Sales Management System\SalesSystem\SalesSystem.Desktop\Services\Api\StockTransferApiService.cs(38,71): warning CS8625: Cannot convert null literal to non-nullable reference type. [C:\Users\ALlahabi\Desktop\Sales Management System\SalesSystem\SalesSystem.Desktop\SalesSystem.Desktop.csproj]
C:\Users\ALlahabi\Desktop\Sales Management System\SalesSystem\SalesSystem.Desktop\Controls\Payments\CustomerPaymentsListControl.cs(69,24): warning CS8604: Possible null reference argument for parameter 'source' in 'List<CustomerDto> Enumerable.ToList<CustomerDto>(IEnumerable<CustomerDto> source)'. [C:\Users\ALlahabi\Desktop\Sales Management System\SalesSystem\SalesSystem.Desktop\SalesSystem.Desktop.csproj]
C:\Users\ALlahabi\Desktop\Sales Management System\SalesSystem\SalesSystem.Desktop\Services\Api\StockTransferApiService.cs(43,73): warning CS8625: Cannot convert null literal to non-nullable reference type. [C:\Users\ALlahabi\Desktop\Sales Management System\SalesSystem\SalesSystem.Desktop\SalesSystem.Desktop.csproj]
C:\Users\ALlahabi\Desktop\Sales Management System\SalesSystem\SalesSystem.Desktop\Controls\Categories\CategoriesListControl.cs(68,52): warning CS8602: Dereference of a possibly null reference. [C:\Users\ALlahabi\Desktop\Sales Management System\SalesSystem\SalesSystem.Desktop\SalesSystem.Desktop.csproj]
C:\Users\ALlahabi\Desktop\Sales Management System\SalesSystem\SalesSystem.Desktop\Controls\Products\ProductsListControl.cs(82,50): warning CS8602: Dereference of a possibly null reference. [C:\Users\ALlahabi\Desktop\Sales Management System\SalesSystem\SalesSystem.Desktop\SalesSystem.Desktop.csproj]
C:\Users\ALlahabi\Desktop\Sales Management System\SalesSystem\SalesSystem.Desktop\Controls\Categories\CategoriesListControl.cs(92,52): warning CS8602: Dereference of a possibly null reference. [C:\Users\ALlahabi\Desktop\Sales Management System\SalesSystem\SalesSystem.Desktop\SalesSystem.Desktop.csproj]
C:\Users\ALlahabi\Desktop\Sales Management System\SalesSystem\SalesSystem.Desktop\Controls\Categories\CategoriesListControl.cs(101,50): warning CS8602: Dereference of a possibly null reference. [C:\Users\ALlahabi\Desktop\Sales Management System\SalesSystem\SalesSystem.Desktop\SalesSystem.Desktop.csproj]
C:\Users\ALlahabi\Desktop\Sales Management System\SalesSystem\SalesSystem.Desktop\Controls\Customers\CustomersListControl.cs(110,50): warning CS8602: Dereference of a possibly null reference. [C:\Users\ALlahabi\Desktop\Sales Management System\SalesSystem\SalesSystem.Desktop\SalesSystem.Desktop.csproj]
C:\Users\ALlahabi\Desktop\Sales Management System\SalesSystem\SalesSystem.Desktop\Controls\PurchaseReturns\PurchaseReturnsListControl.cs(75,52): warning CS8602: Dereference of a possibly null reference. [C:\Users\ALlahabi\Desktop\Sales Management System\SalesSystem\SalesSystem.Desktop\SalesSystem.Desktop.csproj]
C:\Users\ALlahabi\Desktop\Sales Management System\SalesSystem\SalesSystem.Desktop\Controls\PurchaseReturns\PurchaseReturnsListControl.cs(99,49): warning CS8602: Dereference of a possibly null reference. [C:\Users\ALlahabi\Desktop\Sales Management System\SalesSystem\SalesSystem.Desktop\SalesSystem.Desktop.csproj]
C:\Users\ALlahabi\Desktop\Sales Management System\SalesSystem\SalesSystem.Desktop\Controls\PurchaseReturns\PurchaseReturnsListControl.cs(110,47): warning CS8602: Dereference of a possibly null reference. [C:\Users\ALlahabi\Desktop\Sales Management System\SalesSystem\SalesSystem.Desktop\SalesSystem.Desktop.csproj]
C:\Users\ALlahabi\Desktop\Sales Management System\SalesSystem\SalesSystem.Desktop\Controls\Dashboard\DashboardControl.cs(59,13): error CS0019: Operator '==' cannot be applied to operands of type 'UserRole?' and 'int' [C:\Users\ALlahabi\Desktop\Sales Management System\SalesSystem\SalesSystem.Desktop\SalesSystem.Desktop.csproj]
C:\Users\ALlahabi\Desktop\Sales Management System\SalesSystem\SalesSystem.Desktop\Controls\Inventory\InventoryListControl.cs(55,55): warning CS8602: Dereference of a possibly null reference. [C:\Users\ALlahabi\Desktop\Sales Management System\SalesSystem\SalesSystem.Desktop\SalesSystem.Desktop.csproj]
C:\Users\ALlahabi\Desktop\Sales Management System\SalesSystem\SalesSystem.Desktop\Controls\Inventory\InventoryListControl.cs(88,13): warning CS8602: Dereference of a possibly null reference. [C:\Users\ALlahabi\Desktop\Sales Management System\SalesSystem\SalesSystem.Desktop\SalesSystem.Desktop.csproj]
C:\Users\ALlahabi\Desktop\Sales Management System\SalesSystem\SalesSystem.Desktop\Controls\Inventory\InventoryListControl.cs(110,49): warning CS8602: Dereference of a possibly null reference. [C:\Users\ALlahabi\Desktop\Sales Management System\SalesSystem\SalesSystem.Desktop\SalesSystem.Desktop.csproj]
C:\Users\ALlahabi\Desktop\Sales Management System\SalesSystem\SalesSystem.Desktop\Controls\Dashboard\DashboardControl.cs(98,39): warning CS8602: Dereference of a possibly null reference. [C:\Users\ALlahabi\Desktop\Sales Management System\SalesSystem\SalesSystem.Desktop\SalesSystem.Desktop.csproj]
C:\Users\ALlahabi\Desktop\Sales Management System\SalesSystem\SalesSystem.Desktop\Controls\Payments\SupplierPaymentsListControl.cs(72,65): warning CS8602: Dereference of a possibly null reference. [C:\Users\ALlahabi\Desktop\Sales Management System\SalesSystem\SalesSystem.Desktop\SalesSystem.Desktop.csproj]
C:\Users\ALlahabi\Desktop\Sales Management System\SalesSystem\SalesSystem.Desktop\Controls\Payments\SupplierPaymentsListControl.cs(96,50): warning CS8602: Dereference of a possibly null reference. [C:\Users\ALlahabi\Desktop\Sales Management System\SalesSystem\SalesSystem.Desktop\SalesSystem.Desktop.csproj]
C:\Users\ALlahabi\Desktop\Sales Management System\SalesSystem\SalesSystem.Desktop\Controls\Payments\SupplierPaymentsListControl.cs(109,48): warning CS8602: Dereference of a possibly null reference. [C:\Users\ALlahabi\Desktop\Sales Management System\SalesSystem\SalesSystem.Desktop\SalesSystem.Desktop.csproj]
C:\Users\ALlahabi\Desktop\Sales Management System\SalesSystem\SalesSystem.Desktop\Controls\Payments\CustomerPaymentsListControl.cs(81,56): warning CS8604: Possible null reference argument for parameter 'source' in 'IOrderedEnumerable<CustomerPaymentDto> Enumerable.OrderByDescending<CustomerPaymentDto, DateTime>(IEnumerable<CustomerPaymentDto> source, Func<CustomerPaymentDto, DateTime> keySelector)'. [C:\Users\ALlahabi\Desktop\Sales Management System\SalesSystem\SalesSystem.Desktop\SalesSystem.Desktop.csproj]
C:\Users\ALlahabi\Desktop\Sales Management System\SalesSystem\SalesSystem.Desktop\Controls\Payments\PaymentsListControl.cs(76,57): warning CS8604: Possible null reference argument for parameter 'source' in 'IOrderedEnumerable<CustomerPaymentDto> Enumerable.OrderByDescending<CustomerPaymentDto, DateTime>(IEnumerable<CustomerPaymentDto> source, Func<CustomerPaymentDto, DateTime> keySelector)'. [C:\Users\ALlahabi\Desktop\Sales Management System\SalesSystem\SalesSystem.Desktop\SalesSystem.Desktop.csproj]
C:\Users\ALlahabi\Desktop\Sales Management System\SalesSystem\SalesSystem.Desktop\Controls\Payments\PaymentsListControl.cs(82,57): warning CS8604: Possible null reference argument for parameter 'source' in 'IOrderedEnumerable<SupplierPaymentDto> Enumerable.OrderByDescending<SupplierPaymentDto, DateTime>(IEnumerable<SupplierPaymentDto> source, Func<SupplierPaymentDto, DateTime> keySelector)'. [C:\Users\ALlahabi\Desktop\Sales Management System\SalesSystem\SalesSystem.Desktop\SalesSystem.Desktop.csproj]
C:\Users\ALlahabi\Desktop\Sales Management System\SalesSystem\SalesSystem.Desktop\Controls\Reports\Tabs\InventoryReportTab.cs(67,31): warning CS8601: Possible null reference assignment. [C:\Users\ALlahabi\Desktop\Sales Management System\SalesSystem\SalesSystem.Desktop\SalesSystem.Desktop.csproj]
C:\Users\ALlahabi\Desktop\Sales Management System\SalesSystem\SalesSystem.Desktop\Controls\Reports\Tabs\InventoryReportTab.cs(70,36): warning CS8602: Dereference of a possibly null reference. [C:\Users\ALlahabi\Desktop\Sales Management System\SalesSystem\SalesSystem.Desktop\SalesSystem.Desktop.csproj]
C:\Users\ALlahabi\Desktop\Sales Management System\SalesSystem\SalesSystem.Desktop\Controls\Reports\Tabs\InventoryReportTab.cs(90,28): warning CS8604: Possible null reference argument for parameter 'source' in 'List<StockReportDto> Enumerable.ToList<StockReportDto>(IEnumerable<StockReportDto> source)'. [C:\Users\ALlahabi\Desktop\Sales Management System\SalesSystem\SalesSystem.Desktop\SalesSystem.Desktop.csproj]
C:\Users\ALlahabi\Desktop\Sales Management System\SalesSystem\SalesSystem.Desktop\Controls\Reports\Tabs\LowStockReportTab.cs(55,28): warning CS8604: Possible null reference argument for parameter 'source' in 'List<LowStockReportDto> Enumerable.ToList<LowStockReportDto>(IEnumerable<LowStockReportDto> source)'. [C:\Users\ALlahabi\Desktop\Sales Management System\SalesSystem\SalesSystem.Desktop\SalesSystem.Desktop.csproj]
C:\Users\ALlahabi\Desktop\Sales Management System\SalesSystem\SalesSystem.Desktop\Controls\Reports\Tabs\InventoryReportTab.cs(140,48): warning CS8602: Dereference of a possibly null reference. [C:\Users\ALlahabi\Desktop\Sales Management System\SalesSystem\SalesSystem.Desktop\SalesSystem.Desktop.csproj]
C:\Users\ALlahabi\Desktop\Sales Management System\SalesSystem\SalesSystem.Desktop\Controls\Reports\Tabs\InventoryReportTab.cs(151,13): warning CS8602: Dereference of a possibly null reference. [C:\Users\ALlahabi\Desktop\Sales Management System\SalesSystem\SalesSystem.Desktop\SalesSystem.Desktop.csproj]
C:\Users\ALlahabi\Desktop\Sales Management System\SalesSystem\SalesSystem.Desktop\Controls\Reports\Tabs\InventoryReportTab.cs(154,13): warning CS8602: Dereference of a possibly null reference. [C:\Users\ALlahabi\Desktop\Sales Management System\SalesSystem\SalesSystem.Desktop\SalesSystem.Desktop.csproj]
C:\Users\ALlahabi\Desktop\Sales Management System\SalesSystem\SalesSystem.Desktop\Controls\PurchaseReturns\PurchaseReturnsListControl.cs(151,30): error CS7036: There is no argument given that corresponds to the required parameter 'eventBus' of 'PurchaseReturnForm.PurchaseReturnForm(IPurchaseReturnApiService, ISupplierApiService, IProductApiService, IWarehouseApiService, INotificationService, IEventBus, PurchaseReturnDto?)' [C:\Users\ALlahabi\Desktop\Sales Management System\SalesSystem\SalesSystem.Desktop\SalesSystem.Desktop.csproj]
C:\Users\ALlahabi\Desktop\Sales Management System\SalesSystem\SalesSystem.Desktop\Controls\Reports\Tabs\LowStockReportTab.cs(94,48): warning CS8602: Dereference of a possibly null reference. [C:\Users\ALlahabi\Desktop\Sales Management System\SalesSystem\SalesSystem.Desktop\SalesSystem.Desktop.csproj]
C:\Users\ALlahabi\Desktop\Sales Management System\SalesSystem\SalesSystem.Desktop\Controls\Reports\Tabs\LowStockReportTab.cs(105,13): warning CS8602: Dereference of a possibly null reference. [C:\Users\ALlahabi\Desktop\Sales Management System\SalesSystem\SalesSystem.Desktop\SalesSystem.Desktop.csproj]
C:\Users\ALlahabi\Desktop\Sales Management System\SalesSystem\SalesSystem.Desktop\Controls\Reports\Tabs\LowStockReportTab.cs(108,13): warning CS8602: Dereference of a possibly null reference. [C:\Users\ALlahabi\Desktop\Sales Management System\SalesSystem\SalesSystem.Desktop\SalesSystem.Desktop.csproj]
C:\Users\ALlahabi\Desktop\Sales Management System\SalesSystem\SalesSystem.Desktop\Controls\Reports\Tabs\InventoryReportTab.cs(173,46): warning CS8602: Dereference of a possibly null reference. [C:\Users\ALlahabi\Desktop\Sales Management System\SalesSystem\SalesSystem.Desktop\SalesSystem.Desktop.csproj]
C:\Users\ALlahabi\Desktop\Sales Management System\SalesSystem\SalesSystem.Desktop\Controls\Reports\Tabs\LowStockReportTab.cs(123,46): warning CS8602: Dereference of a possibly null reference. [C:\Users\ALlahabi\Desktop\Sales Management System\SalesSystem\SalesSystem.Desktop\SalesSystem.Desktop.csproj]
C:\Users\ALlahabi\Desktop\Sales Management System\SalesSystem\SalesSystem.Desktop\Controls\Purchases\PurchasesListControl.cs(93,45): warning CS8604: Possible null reference argument for parameter 'source' in 'IEnumerable<<anonymous type: int Id, string InvoiceNo, DateTime InvoiceDate, string SupplierName, decimal TotalAmount, string StatusName, PurchaseInvoiceDto Original>> Enumerable.Select<PurchaseInvoiceDto, <anonymous type: int Id, string InvoiceNo, DateTime InvoiceDate, string SupplierName, decimal TotalAmount, string StatusName, PurchaseInvoiceDto Original>>(IEnumerable<PurchaseInvoiceDto> source, Func<PurchaseInvoiceDto, <anonymous type: int Id, string InvoiceNo, DateTime InvoiceDate, string SupplierName, decimal TotalAmount, string StatusName, PurchaseInvoiceDto Original>> selector)'. [C:\Users\ALlahabi\Desktop\Sales Management System\SalesSystem\SalesSystem.Desktop\SalesSystem.Desktop.csproj]
C:\Users\ALlahabi\Desktop\Sales Management System\SalesSystem\SalesSystem.Desktop\Controls\Reports\Tabs\SupplierBalanceReportTab.cs(56,28): warning CS8604: Possible null reference argument for parameter 'source' in 'List<SupplierBalanceReportDto> Enumerable.ToList<SupplierBalanceReportDto>(IEnumerable<SupplierBalanceReportDto> source)'. [C:\Users\ALlahabi\Desktop\Sales Management System\SalesSystem\SalesSystem.Desktop\SalesSystem.Desktop.csproj]
C:\Users\ALlahabi\Desktop\Sales Management System\SalesSystem\SalesSystem.Desktop\Controls\Reports\Tabs\PurchasesReportTab.cs(56,28): warning CS8604: Possible null reference argument for parameter 'source' in 'List<PurchaseReportDto> Enumerable.ToList<PurchaseReportDto>(IEnumerable<PurchaseReportDto> source)'. [C:\Users\ALlahabi\Desktop\Sales Management System\SalesSystem\SalesSystem.Desktop\SalesSystem.Desktop.csproj]
C:\Users\ALlahabi\Desktop\Sales Management System\SalesSystem\SalesSystem.Desktop\Controls\Reports\Tabs\SupplierBalanceReportTab.cs(95,48): warning CS8602: Dereference of a possibly null reference. [C:\Users\ALlahabi\Desktop\Sales Management System\SalesSystem\SalesSystem.Desktop\SalesSystem.Desktop.csproj]
C:\Users\ALlahabi\Desktop\Sales Management System\SalesSystem\SalesSystem.Desktop\Controls\Reports\Tabs\SupplierBalanceReportTab.cs(109,17): warning CS8602: Dereference of a possibly null reference. [C:\Users\ALlahabi\Desktop\Sales Management System\SalesSystem\SalesSystem.Desktop\SalesSystem.Desktop.csproj]
C:\Users\ALlahabi\Desktop\Sales Management System\SalesSystem\SalesSystem.Desktop\Controls\Reports\Tabs\SupplierBalanceReportTab.cs(110,17): warning CS8602: Dereference of a possibly null reference. [C:\Users\ALlahabi\Desktop\Sales Management System\SalesSystem\SalesSystem.Desktop\SalesSystem.Desktop.csproj]
C:\Users\ALlahabi\Desktop\Sales Management System\SalesSystem\SalesSystem.Desktop\Controls\Payments\SupplierPaymentsListControl.cs(164,30): error CS7036: There is no argument given that corresponds to the required parameter 'notification' of 'SupplierPaymentDialog.SupplierPaymentDialog(ISupplierPaymentApiService, ISupplierApiService, IPurchaseInvoiceApiService, INotificationService, IEventBus)' [C:\Users\ALlahabi\Desktop\Sales Management System\SalesSystem\SalesSystem.Desktop\SalesSystem.Desktop.csproj]
C:\Users\ALlahabi\Desktop\Sales Management System\SalesSystem\SalesSystem.Desktop\Controls\Returns\ReturnsListControl.cs(87,90): error CS1061: 'SalesReturnDto' does not contain a definition for 'InvoiceNo' and no accessible extension method 'InvoiceNo' accepting a first argument of type 'SalesReturnDto' could be found (are you missing a using directive or an assembly reference?) [C:\Users\ALlahabi\Desktop\Sales Management System\SalesSystem\SalesSystem.Desktop\SalesSystem.Desktop.csproj]
C:\Users\ALlahabi\Desktop\Sales Management System\SalesSystem\SalesSystem.Desktop\Controls\Returns\ReturnsListControl.cs(87,103): error CS1061: 'SalesReturnDto' does not contain a definition for 'InvoiceDate' and no accessible extension method 'InvoiceDate' accepting a first argument of type 'SalesReturnDto' could be found (are you missing a using directive or an assembly reference?) [C:\Users\ALlahabi\Desktop\Sales Management System\SalesSystem\SalesSystem.Desktop\SalesSystem.Desktop.csproj]
C:\Users\ALlahabi\Desktop\Sales Management System\SalesSystem\SalesSystem.Desktop\Controls\Reports\Tabs\SalesReportTab.cs(56,28): warning CS8604: Possible null reference argument for parameter 'source' in 'List<SalesReportDto> Enumerable.ToList<SalesReportDto>(IEnumerable<SalesReportDto> source)'. [C:\Users\ALlahabi\Desktop\Sales Management System\SalesSystem\SalesSystem.Desktop\SalesSystem.Desktop.csproj]
C:\Users\ALlahabi\Desktop\Sales Management System\SalesSystem\SalesSystem.Desktop\Controls\SalesReturns\SalesReturnsListControl.cs(75,52): warning CS8602: Dereference of a possibly null reference. [C:\Users\ALlahabi\Desktop\Sales Management System\SalesSystem\SalesSystem.Desktop\SalesSystem.Desktop.csproj]
C:\Users\ALlahabi\Desktop\Sales Management System\SalesSystem\SalesSystem.Desktop\Controls\SalesReturns\SalesReturnsListControl.cs(99,49): warning CS8602: Dereference of a possibly null reference. [C:\Users\ALlahabi\Desktop\Sales Management System\SalesSystem\SalesSystem.Desktop\SalesSystem.Desktop.csproj]
C:\Users\ALlahabi\Desktop\Sales Management System\SalesSystem\SalesSystem.Desktop\Controls\SalesReturns\SalesReturnsListControl.cs(110,47): warning CS8602: Dereference of a possibly null reference. [C:\Users\ALlahabi\Desktop\Sales Management System\SalesSystem\SalesSystem.Desktop\SalesSystem.Desktop.csproj]
C:\Users\ALlahabi\Desktop\Sales Management System\SalesSystem\SalesSystem.Desktop\Controls\Settings\SettingsListControl.cs(85,37): warning CS8602: Dereference of a possibly null reference. [C:\Users\ALlahabi\Desktop\Sales Management System\SalesSystem\SalesSystem.Desktop\SalesSystem.Desktop.csproj]
C:\Users\ALlahabi\Desktop\Sales Management System\SalesSystem\SalesSystem.Desktop\Controls\Sales\SalesListControl.cs(111,45): warning CS8604: Possible null reference argument for parameter 'source' in 'IEnumerable<<anonymous type: int Id, string InvoiceNo, DateTime InvoiceDate, string CustomerName, decimal TotalAmount, string StatusName, SalesInvoiceDto Original>> Enumerable.Select<SalesInvoiceDto, <anonymous type: int Id, string InvoiceNo, DateTime InvoiceDate, string CustomerName, decimal TotalAmount, string StatusName, SalesInvoiceDto Original>>(IEnumerable<SalesInvoiceDto> source, Func<SalesInvoiceDto, <anonymous type: int Id, string InvoiceNo, DateTime InvoiceDate, string CustomerName, decimal TotalAmount, string StatusName, SalesInvoiceDto Original>> selector)'. [C:\Users\ALlahabi\Desktop\Sales Management System\SalesSystem\SalesSystem.Desktop\SalesSystem.Desktop.csproj]
C:\Users\ALlahabi\Desktop\Sales Management System\SalesSystem\SalesSystem.Desktop\Controls\StockTransfers\StockTransfersListControl.cs(68,41): warning CS8604: Possible null reference argument for parameter 'source' in 'IEnumerable<<anonymous type: int Id, string TransferNo, DateTime TransferDate, string FromWarehouseName, string ToWarehouseName, string StatusText, StockTransferDto Original>> Enumerable.Select<StockTransferDto, <anonymous type: int Id, string TransferNo, DateTime TransferDate, string FromWarehouseName, string ToWarehouseName, string StatusText, StockTransferDto Original>>(IEnumerable<StockTransferDto> source, Func<StockTransferDto, <anonymous type: int Id, string TransferNo, DateTime TransferDate, string FromWarehouseName, string ToWarehouseName, string StatusText, StockTransferDto Original>> selector)'. [C:\Users\ALlahabi\Desktop\Sales Management System\SalesSystem\SalesSystem.Desktop\SalesSystem.Desktop.csproj]
C:\Users\ALlahabi\Desktop\Sales Management System\SalesSystem\SalesSystem.Desktop\Controls\Units\UnitManagerDialog.cs(93,54): warning CS8602: Dereference of a possibly null reference. [C:\Users\ALlahabi\Desktop\Sales Management System\SalesSystem\SalesSystem.Desktop\SalesSystem.Desktop.csproj]
C:\Users\ALlahabi\Desktop\Sales Management System\SalesSystem\SalesSystem.Desktop\Controls\Users\UsersListControl.cs(48,58): warning CS8602: Dereference of a possibly null reference. [C:\Users\ALlahabi\Desktop\Sales Management System\SalesSystem\SalesSystem.Desktop\SalesSystem.Desktop.csproj]
C:\Users\ALlahabi\Desktop\Sales Management System\SalesSystem\SalesSystem.Desktop\Controls\Users\UsersListControl.cs(73,45): warning CS8602: Dereference of a possibly null reference. [C:\Users\ALlahabi\Desktop\Sales Management System\SalesSystem\SalesSystem.Desktop\SalesSystem.Desktop.csproj]
C:\Users\ALlahabi\Desktop\Sales Management System\SalesSystem\SalesSystem.Desktop\Controls\Reports\Tabs\CustomerBalanceReportTab.cs(67,30): warning CS8601: Possible null reference assignment. [C:\Users\ALlahabi\Desktop\Sales Management System\SalesSystem\SalesSystem.Desktop\SalesSystem.Desktop.csproj]
C:\Users\ALlahabi\Desktop\Sales Management System\SalesSystem\SalesSystem.Desktop\Controls\Reports\Tabs\CustomerBalanceReportTab.cs(70,38): warning CS8602: Dereference of a possibly null reference. [C:\Users\ALlahabi\Desktop\Sales Management System\SalesSystem\SalesSystem.Desktop\SalesSystem.Desktop.csproj]
C:\Users\ALlahabi\Desktop\Sales Management System\SalesSystem\SalesSystem.Desktop\Controls\Reports\Tabs\ProductMovementReportTab.cs(134,28): warning CS8604: Possible null reference argument for parameter 'source' in 'List<ProductDto> Enumerable.ToList<ProductDto>(IEnumerable<ProductDto> source)'. [C:\Users\ALlahabi\Desktop\Sales Management System\SalesSystem\SalesSystem.Desktop\SalesSystem.Desktop.csproj]
C:\Users\ALlahabi\Desktop\Sales Management System\SalesSystem\SalesSystem.Desktop\Controls\Reports\Tabs\ProductMovementReportTab.cs(156,28): warning CS8604: Possible null reference argument for parameter 'source' in 'List<ProductMovementReportDto> Enumerable.ToList<ProductMovementReportDto>(IEnumerable<ProductMovementReportDto> source)'. [C:\Users\ALlahabi\Desktop\Sales Management System\SalesSystem\SalesSystem.Desktop\SalesSystem.Desktop.csproj]
C:\Users\ALlahabi\Desktop\Sales Management System\SalesSystem\SalesSystem.Desktop\Controls\Purchases\PurchasesListControl.cs(160,59): error CS8208: It is not legal to use the type 'dynamic' in a pattern. [C:\Users\ALlahabi\Desktop\Sales Management System\SalesSystem\SalesSystem.Desktop\SalesSystem.Desktop.csproj]
C:\Users\ALlahabi\Desktop\Sales Management System\SalesSystem\SalesSystem.Desktop\Controls\Reports\Tabs\SupplierBalanceReportTab.cs(137,46): warning CS8602: Dereference of a possibly null reference. [C:\Users\ALlahabi\Desktop\Sales Management System\SalesSystem\SalesSystem.Desktop\SalesSystem.Desktop.csproj]
C:\Users\ALlahabi\Desktop\Sales Management System\SalesSystem\SalesSystem.Desktop\Controls\Purchases\PurchasesListControl.cs(174,59): error CS8208: It is not legal to use the type 'dynamic' in a pattern. [C:\Users\ALlahabi\Desktop\Sales Management System\SalesSystem\SalesSystem.Desktop\SalesSystem.Desktop.csproj]
C:\Users\ALlahabi\Desktop\Sales Management System\SalesSystem\SalesSystem.Desktop\Controls\Returns\ReturnsListControl.cs(93,93): error CS1061: 'PurchaseReturnDto' does not contain a definition for 'InvoiceNo' and no accessible extension method 'InvoiceNo' accepting a first argument of type 'PurchaseReturnDto' could be found (are you missing a using directive or an assembly reference?) [C:\Users\ALlahabi\Desktop\Sales Management System\SalesSystem\SalesSystem.Desktop\SalesSystem.Desktop.csproj]
C:\Users\ALlahabi\Desktop\Sales Management System\SalesSystem\SalesSystem.Desktop\Controls\Returns\ReturnsListControl.cs(93,106): error CS1061: 'PurchaseReturnDto' does not contain a definition for 'InvoiceDate' and no accessible extension method 'InvoiceDate' accepting a first argument of type 'PurchaseReturnDto' could be found (are you missing a using directive or an assembly reference?) [C:\Users\ALlahabi\Desktop\Sales Management System\SalesSystem\SalesSystem.Desktop\SalesSystem.Desktop.csproj]
C:\Users\ALlahabi\Desktop\Sales Management System\SalesSystem\SalesSystem.Desktop\Controls\Reports\Tabs\PurchasesReportTab.cs(98,48): warning CS8602: Dereference of a possibly null reference. [C:\Users\ALlahabi\Desktop\Sales Management System\SalesSystem\SalesSystem.Desktop\SalesSystem.Desktop.csproj]
C:\Users\ALlahabi\Desktop\Sales Management System\SalesSystem\SalesSystem.Desktop\Controls\Reports\Tabs\PurchasesReportTab.cs(112,17): warning CS8602: Dereference of a possibly null reference. [C:\Users\ALlahabi\Desktop\Sales Management System\SalesSystem\SalesSystem.Desktop\SalesSystem.Desktop.csproj]
C:\Users\ALlahabi\Desktop\Sales Management System\SalesSystem\SalesSystem.Desktop\Controls\Reports\Tabs\PurchasesReportTab.cs(113,17): warning CS8602: Dereference of a possibly null reference. [C:\Users\ALlahabi\Desktop\Sales Management System\SalesSystem\SalesSystem.Desktop\SalesSystem.Desktop.csproj]
C:\Users\ALlahabi\Desktop\Sales Management System\SalesSystem\SalesSystem.Desktop\Controls\Reports\Tabs\PurchasesReportTab.cs(118,13): warning CS8602: Dereference of a possibly null reference. [C:\Users\ALlahabi\Desktop\Sales Management System\SalesSystem\SalesSystem.Desktop\SalesSystem.Desktop.csproj]
C:\Users\ALlahabi\Desktop\Sales Management System\SalesSystem\SalesSystem.Desktop\Controls\Reports\Tabs\PurchasesReportTab.cs(123,46): warning CS8602: Dereference of a possibly null reference. [C:\Users\ALlahabi\Desktop\Sales Management System\SalesSystem\SalesSystem.Desktop\SalesSystem.Desktop.csproj]
C:\Users\ALlahabi\Desktop\Sales Management System\SalesSystem\SalesSystem.Desktop\Controls\Units\UnitsListControl.cs(79,50): warning CS8602: Dereference of a possibly null reference. [C:\Users\ALlahabi\Desktop\Sales Management System\SalesSystem\SalesSystem.Desktop\SalesSystem.Desktop.csproj]
C:\Users\ALlahabi\Desktop\Sales Management System\SalesSystem\SalesSystem.Desktop\Controls\SalesReturns\SalesReturnsListControl.cs(151,30): error CS7036: There is no argument given that corresponds to the required parameter 'eventBus' of 'SalesReturnForm.SalesReturnForm(ISalesReturnApiService, ICustomerApiService, IProductApiService, IWarehouseApiService, INotificationService, IEventBus, SalesReturnDto?)' [C:\Users\ALlahabi\Desktop\Sales Management System\SalesSystem\SalesSystem.Desktop\SalesSystem.Desktop.csproj]
C:\Users\ALlahabi\Desktop\Sales Management System\SalesSystem\SalesSystem.Desktop\Controls\Reports\Tabs\SalesReportTab.cs(98,48): warning CS8602: Dereference of a possibly null reference. [C:\Users\ALlahabi\Desktop\Sales Management System\SalesSystem\SalesSystem.Desktop\SalesSystem.Desktop.csproj]
C:\Users\ALlahabi\Desktop\Sales Management System\SalesSystem\SalesSystem.Desktop\Controls\Reports\Tabs\SalesReportTab.cs(112,17): warning CS8602: Dereference of a possibly null reference. [C:\Users\ALlahabi\Desktop\Sales Management System\SalesSystem\SalesSystem.Desktop\SalesSystem.Desktop.csproj]
C:\Users\ALlahabi\Desktop\Sales Management System\SalesSystem\SalesSystem.Desktop\Controls\Reports\Tabs\SalesReportTab.cs(113,17): warning CS8602: Dereference of a possibly null reference. [C:\Users\ALlahabi\Desktop\Sales Management System\SalesSystem\SalesSystem.Desktop\SalesSystem.Desktop.csproj]
C:\Users\ALlahabi\Desktop\Sales Management System\SalesSystem\SalesSystem.Desktop\Controls\Reports\Tabs\SalesReportTab.cs(118,13): warning CS8602: Dereference of a possibly null reference. [C:\Users\ALlahabi\Desktop\Sales Management System\SalesSystem\SalesSystem.Desktop\SalesSystem.Desktop.csproj]
C:\Users\ALlahabi\Desktop\Sales Management System\SalesSystem\SalesSystem.Desktop\Controls\Reports\Tabs\SalesReportTab.cs(123,46): warning CS8602: Dereference of a possibly null reference. [C:\Users\ALlahabi\Desktop\Sales Management System\SalesSystem\SalesSystem.Desktop\SalesSystem.Desktop.csproj]
C:\Users\ALlahabi\Desktop\Sales Management System\SalesSystem\SalesSystem.Desktop\Controls\Sales\SalesListControl.cs(210,55): error CS8208: It is not legal to use the type 'dynamic' in a pattern. [C:\Users\ALlahabi\Desktop\Sales Management System\SalesSystem\SalesSystem.Desktop\SalesSystem.Desktop.csproj]
C:\Users\ALlahabi\Desktop\Sales Management System\SalesSystem\SalesSystem.Desktop\Controls\Suppliers\SuppliersListControl.cs(110,51): warning CS8602: Dereference of a possibly null reference. [C:\Users\ALlahabi\Desktop\Sales Management System\SalesSystem\SalesSystem.Desktop\SalesSystem.Desktop.csproj]
C:\Users\ALlahabi\Desktop\Sales Management System\SalesSystem\SalesSystem.Desktop\Controls\Reports\Tabs\CustomerBalanceReportTab.cs(90,28): warning CS8604: Possible null reference argument for parameter 'source' in 'List<CustomerBalanceReportDto> Enumerable.ToList<CustomerBalanceReportDto>(IEnumerable<CustomerBalanceReportDto> source)'. [C:\Users\ALlahabi\Desktop\Sales Management System\SalesSystem\SalesSystem.Desktop\SalesSystem.Desktop.csproj]
C:\Users\ALlahabi\Desktop\Sales Management System\SalesSystem\SalesSystem.Desktop\Controls\Sales\SalesListControl.cs(232,55): error CS8208: It is not legal to use the type 'dynamic' in a pattern. [C:\Users\ALlahabi\Desktop\Sales Management System\SalesSystem\SalesSystem.Desktop\SalesSystem.Desktop.csproj]
C:\Users\ALlahabi\Desktop\Sales Management System\SalesSystem\SalesSystem.Desktop\Controls\Reports\Tabs\CustomerBalanceReportTab.cs(141,48): warning CS8602: Dereference of a possibly null reference. [C:\Users\ALlahabi\Desktop\Sales Management System\SalesSystem\SalesSystem.Desktop\SalesSystem.Desktop.csproj]
C:\Users\ALlahabi\Desktop\Sales Management System\SalesSystem\SalesSystem.Desktop\Controls\Reports\Tabs\CustomerBalanceReportTab.cs(155,17): warning CS8602: Dereference of a possibly null reference. [C:\Users\ALlahabi\Desktop\Sales Management System\SalesSystem\SalesSystem.Desktop\SalesSystem.Desktop.csproj]
C:\Users\ALlahabi\Desktop\Sales Management System\SalesSystem\SalesSystem.Desktop\Controls\Reports\Tabs\CustomerBalanceReportTab.cs(156,17): warning CS8602: Dereference of a possibly null reference. [C:\Users\ALlahabi\Desktop\Sales Management System\SalesSystem\SalesSystem.Desktop\SalesSystem.Desktop.csproj]
C:\Users\ALlahabi\Desktop\Sales Management System\SalesSystem\SalesSystem.Desktop\Controls\Reports\Tabs\CustomerBalanceReportTab.cs(183,46): warning CS8602: Dereference of a possibly null reference. [C:\Users\ALlahabi\Desktop\Sales Management System\SalesSystem\SalesSystem.Desktop\SalesSystem.Desktop.csproj]
C:\Users\ALlahabi\Desktop\Sales Management System\SalesSystem\SalesSystem.Desktop\Controls\Dashboard\SummaryCardControl.cs(7,24): warning CS0414: The field 'SummaryCardControl.picIcon' is assigned but its value is never used [C:\Users\ALlahabi\Desktop\Sales Management System\SalesSystem\SalesSystem.Desktop\SalesSystem.Desktop.csproj]
C:\Users\ALlahabi\Desktop\Sales Management System\SalesSystem\SalesSystem.Desktop\Forms\LoginForm.Designer.cs(5,50): warning CS0414: The field 'LoginForm.components' is assigned but its value is never used [C:\Users\ALlahabi\Desktop\Sales Management System\SalesSystem\SalesSystem.Desktop\SalesSystem.Desktop.csproj]
C:\Users\ALlahabi\Desktop\Sales Management System\SalesSystem\SalesSystem.Desktop\Controls\Reports\Tabs\SupplierBalanceReportTab.cs(18,22): warning CS0414: The field 'SupplierBalanceReportTab.cmbSupplier' is assigned but its value is never used [C:\Users\ALlahabi\Desktop\Sales Management System\SalesSystem\SalesSystem.Desktop\SalesSystem.Desktop.csproj]

Build FAILED.

C:\Users\ALlahabi\Desktop\Sales Management System\SalesSystem\SalesSystem.Desktop\Forms\MainForm.cs(20,7): warning CS0105: The using directive for 'SalesSystem.Desktop.Messaging.Messages' appeared previously in this namespace [C:\Users\ALlahabi\Desktop\Sales Management System\SalesSystem\SalesSystem.Desktop\SalesSystem.Desktop.csproj]
C:\Users\ALlahabi\Desktop\Sales Management System\SalesSystem\SalesSystem.Desktop\Forms\WarehouseEditorForm.cs(74,63): warning CS8602: Dereference of a possibly null reference. [C:\Users\ALlahabi\Desktop\Sales Management System\SalesSystem\SalesSystem.Desktop\SalesSystem.Desktop.csproj]
C:\Users\ALlahabi\Desktop\Sales Management System\SalesSystem\SalesSystem.Desktop\Controls\Warehouses\WarehousesListControl.cs(105,53): warning CS8602: Dereference of a possibly null reference. [C:\Users\ALlahabi\Desktop\Sales Management System\SalesSystem\SalesSystem.Desktop\SalesSystem.Desktop.csproj]
C:\Users\ALlahabi\Desktop\Sales Management System\SalesSystem\SalesSystem.Desktop\Forms\CustomerPaymentDialog.cs(47,26): warning CS8604: Possible null reference argument for parameter 'source' in 'List<CustomerDto> Enumerable.ToList<CustomerDto>(IEnumerable<CustomerDto> source)'. [C:\Users\ALlahabi\Desktop\Sales Management System\SalesSystem\SalesSystem.Desktop\SalesSystem.Desktop.csproj]
C:\Users\ALlahabi\Desktop\Sales Management System\SalesSystem\SalesSystem.Desktop\Forms\CustomerPaymentDialog.cs(96,65): warning CS8602: Dereference of a possibly null reference. [C:\Users\ALlahabi\Desktop\Sales Management System\SalesSystem\SalesSystem.Desktop\SalesSystem.Desktop.csproj]
C:\Users\ALlahabi\Desktop\Sales Management System\SalesSystem\SalesSystem.Desktop\Forms\PurchaseInvoiceForm.cs(79,27): warning CS8604: Possible null reference argument for parameter 'source' in 'WarehouseDto? Enumerable.FirstOrDefault<WarehouseDto>(IEnumerable<WarehouseDto> source, Func<WarehouseDto, bool> predicate)'. [C:\Users\ALlahabi\Desktop\Sales Management System\SalesSystem\SalesSystem.Desktop\SalesSystem.Desktop.csproj]
C:\Users\ALlahabi\Desktop\Sales Management System\SalesSystem\SalesSystem.Desktop\Forms\PurchaseInvoiceForm.cs(85,50): warning CS8604: Possible null reference argument for parameter 'source' in 'List<ProductDto> Enumerable.ToList<ProductDto>(IEnumerable<ProductDto> source)'. [C:\Users\ALlahabi\Desktop\Sales Management System\SalesSystem\SalesSystem.Desktop\SalesSystem.Desktop.csproj]
C:\Users\ALlahabi\Desktop\Sales Management System\SalesSystem\SalesSystem.Desktop\Forms\PurchaseReturnForm.cs(79,27): warning CS8604: Possible null reference argument for parameter 'source' in 'WarehouseDto? Enumerable.FirstOrDefault<WarehouseDto>(IEnumerable<WarehouseDto> source, Func<WarehouseDto, bool> predicate)'. [C:\Users\ALlahabi\Desktop\Sales Management System\SalesSystem\SalesSystem.Desktop\SalesSystem.Desktop.csproj]
C:\Users\ALlahabi\Desktop\Sales Management System\SalesSystem\SalesSystem.Desktop\Forms\PurchaseReturnForm.cs(85,50): warning CS8604: Possible null reference argument for parameter 'source' in 'List<ProductDto> Enumerable.ToList<ProductDto>(IEnumerable<ProductDto> source)'. [C:\Users\ALlahabi\Desktop\Sales Management System\SalesSystem\SalesSystem.Desktop\SalesSystem.Desktop.csproj]
C:\Users\ALlahabi\Desktop\Sales Management System\SalesSystem\SalesSystem.Desktop\Forms\PurchaseReturnForm.cs(94,37): warning CS8602: Dereference of a possibly null reference. [C:\Users\ALlahabi\Desktop\Sales Management System\SalesSystem\SalesSystem.Desktop\SalesSystem.Desktop.csproj]
C:\Users\ALlahabi\Desktop\Sales Management System\SalesSystem\SalesSystem.Desktop\Forms\SalesInvoiceForm.cs(72,24): warning CS8604: Possible null reference argument for parameter 'source' in 'List<CustomerDto> Enumerable.ToList<CustomerDto>(IEnumerable<CustomerDto> source)'. [C:\Users\ALlahabi\Desktop\Sales Management System\SalesSystem\SalesSystem.Desktop\SalesSystem.Desktop.csproj]
C:\Users\ALlahabi\Desktop\Sales Management System\SalesSystem\SalesSystem.Desktop\Forms\SalesInvoiceForm.cs(88,27): warning CS8604: Possible null reference argument for parameter 'source' in 'WarehouseDto? Enumerable.FirstOrDefault<WarehouseDto>(IEnumerable<WarehouseDto> source, Func<WarehouseDto, bool> predicate)'. [C:\Users\ALlahabi\Desktop\Sales Management System\SalesSystem\SalesSystem.Desktop\SalesSystem.Desktop.csproj]
C:\Users\ALlahabi\Desktop\Sales Management System\SalesSystem\SalesSystem.Desktop\Forms\SalesInvoiceForm.cs(96,28): warning CS8604: Possible null reference argument for parameter 'source' in 'List<ProductDto> Enumerable.ToList<ProductDto>(IEnumerable<ProductDto> source)'. [C:\Users\ALlahabi\Desktop\Sales Management System\SalesSystem\SalesSystem.Desktop\SalesSystem.Desktop.csproj]
C:\Users\ALlahabi\Desktop\Sales Management System\SalesSystem\SalesSystem.Desktop\Forms\SalesReturnForm.cs(66,24): warning CS8604: Possible null reference argument for parameter 'source' in 'List<CustomerDto> Enumerable.ToList<CustomerDto>(IEnumerable<CustomerDto> source)'. [C:\Users\ALlahabi\Desktop\Sales Management System\SalesSystem\SalesSystem.Desktop\SalesSystem.Desktop.csproj]
C:\Users\ALlahabi\Desktop\Sales Management System\SalesSystem\SalesSystem.Desktop\Forms\SalesReturnForm.cs(81,27): warning CS8604: Possible null reference argument for parameter 'source' in 'WarehouseDto? Enumerable.FirstOrDefault<WarehouseDto>(IEnumerable<WarehouseDto> source, Func<WarehouseDto, bool> predicate)'. [C:\Users\ALlahabi\Desktop\Sales Management System\SalesSystem\SalesSystem.Desktop\SalesSystem.Desktop.csproj]
C:\Users\ALlahabi\Desktop\Sales Management System\SalesSystem\SalesSystem.Desktop\Forms\SalesReturnForm.cs(87,50): warning CS8604: Possible null reference argument for parameter 'source' in 'List<ProductDto> Enumerable.ToList<ProductDto>(IEnumerable<ProductDto> source)'. [C:\Users\ALlahabi\Desktop\Sales Management System\SalesSystem\SalesSystem.Desktop\SalesSystem.Desktop.csproj]
C:\Users\ALlahabi\Desktop\Sales Management System\SalesSystem\SalesSystem.Desktop\Forms\CustomerEditorForm.cs(76,66): warning CS8602: Dereference of a possibly null reference. [C:\Users\ALlahabi\Desktop\Sales Management System\SalesSystem\SalesSystem.Desktop\SalesSystem.Desktop.csproj]
C:\Users\ALlahabi\Desktop\Sales Management System\SalesSystem\SalesSystem.Desktop\Forms\ProductEditorForm.cs(118,28): warning CS8602: Dereference of a possibly null reference. [C:\Users\ALlahabi\Desktop\Sales Management System\SalesSystem\SalesSystem.Desktop\SalesSystem.Desktop.csproj]
C:\Users\ALlahabi\Desktop\Sales Management System\SalesSystem\SalesSystem.Desktop\Forms\ProductEditorForm.cs(121,41): warning CS8601: Possible null reference assignment. [C:\Users\ALlahabi\Desktop\Sales Management System\SalesSystem\SalesSystem.Desktop\SalesSystem.Desktop.csproj]
C:\Users\ALlahabi\Desktop\Sales Management System\SalesSystem\SalesSystem.Desktop\Forms\ProductEditorForm.cs(122,37): warning CS8601: Possible null reference assignment. [C:\Users\ALlahabi\Desktop\Sales Management System\SalesSystem\SalesSystem.Desktop\SalesSystem.Desktop.csproj]
C:\Users\ALlahabi\Desktop\Sales Management System\SalesSystem\SalesSystem.Desktop\Forms\ProductEditorForm.cs(185,57): warning CS8602: Dereference of a possibly null reference. [C:\Users\ALlahabi\Desktop\Sales Management System\SalesSystem\SalesSystem.Desktop\SalesSystem.Desktop.csproj]
C:\Users\ALlahabi\Desktop\Sales Management System\SalesSystem\SalesSystem.Desktop\Forms\SalesReturnForm.cs(96,37): warning CS8602: Dereference of a possibly null reference. [C:\Users\ALlahabi\Desktop\Sales Management System\SalesSystem\SalesSystem.Desktop\SalesSystem.Desktop.csproj]
C:\Users\ALlahabi\Desktop\Sales Management System\SalesSystem\SalesSystem.Desktop\Forms\StockTransferForm.cs(61,25): warning CS8604: Possible null reference argument for parameter 'source' in 'List<WarehouseDto> Enumerable.ToList<WarehouseDto>(IEnumerable<WarehouseDto> source)'. [C:\Users\ALlahabi\Desktop\Sales Management System\SalesSystem\SalesSystem.Desktop\SalesSystem.Desktop.csproj]
C:\Users\ALlahabi\Desktop\Sales Management System\SalesSystem\SalesSystem.Desktop\Forms\StockTransferForm.cs(76,50): warning CS8604: Possible null reference argument for parameter 'source' in 'List<ProductDto> Enumerable.ToList<ProductDto>(IEnumerable<ProductDto> source)'. [C:\Users\ALlahabi\Desktop\Sales Management System\SalesSystem\SalesSystem.Desktop\SalesSystem.Desktop.csproj]
C:\Users\ALlahabi\Desktop\Sales Management System\SalesSystem\SalesSystem.Desktop\Forms\SupplierEditorForm.cs(76,66): warning CS8602: Dereference of a possibly null reference. [C:\Users\ALlahabi\Desktop\Sales Management System\SalesSystem\SalesSystem.Desktop\SalesSystem.Desktop.csproj]
C:\Users\ALlahabi\Desktop\Sales Management System\SalesSystem\SalesSystem.Desktop\Forms\SupplierPaymentDialog.cs(47,26): warning CS8604: Possible null reference argument for parameter 'source' in 'List<SupplierDto> Enumerable.ToList<SupplierDto>(IEnumerable<SupplierDto> source)'. [C:\Users\ALlahabi\Desktop\Sales Management System\SalesSystem\SalesSystem.Desktop\SalesSystem.Desktop.csproj]
C:\Users\ALlahabi\Desktop\Sales Management System\SalesSystem\SalesSystem.Desktop\Forms\SupplierPaymentDialog.cs(96,65): warning CS8602: Dereference of a possibly null reference. [C:\Users\ALlahabi\Desktop\Sales Management System\SalesSystem\SalesSystem.Desktop\SalesSystem.Desktop.csproj]
C:\Users\ALlahabi\Desktop\Sales Management System\SalesSystem\SalesSystem.Desktop\Forms\PurchaseReturnForm.cs(185,59): warning CS8605: Unboxing a possibly null value. [C:\Users\ALlahabi\Desktop\Sales Management System\SalesSystem\SalesSystem.Desktop\SalesSystem.Desktop.csproj]
C:\Users\ALlahabi\Desktop\Sales Management System\SalesSystem\SalesSystem.Desktop\Forms\PurchaseReturnForm.cs(185,92): warning CS8605: Unboxing a possibly null value. [C:\Users\ALlahabi\Desktop\Sales Management System\SalesSystem\SalesSystem.Desktop\SalesSystem.Desktop.csproj]
C:\Users\ALlahabi\Desktop\Sales Management System\SalesSystem\SalesSystem.Desktop\Forms\PurchaseReturnForm.cs(190,62): warning CS8602: Dereference of a possibly null reference. [C:\Users\ALlahabi\Desktop\Sales Management System\SalesSystem\SalesSystem.Desktop\SalesSystem.Desktop.csproj]
C:\Users\ALlahabi\Desktop\Sales Management System\SalesSystem\SalesSystem.Desktop\Forms\PurchaseReturnForm.cs(193,68): warning CS8602: Dereference of a possibly null reference. [C:\Users\ALlahabi\Desktop\Sales Management System\SalesSystem\SalesSystem.Desktop\SalesSystem.Desktop.csproj]
C:\Users\ALlahabi\Desktop\Sales Management System\SalesSystem\SalesSystem.Desktop\Services\Api\SalesInvoiceApiService.cs(44,71): warning CS8625: Cannot convert null literal to non-nullable reference type. [C:\Users\ALlahabi\Desktop\Sales Management System\SalesSystem\SalesSystem.Desktop\SalesSystem.Desktop.csproj]
C:\Users\ALlahabi\Desktop\Sales Management System\SalesSystem\SalesSystem.Desktop\Services\Api\SalesInvoiceApiService.cs(49,73): warning CS8625: Cannot convert null literal to non-nullable reference type. [C:\Users\ALlahabi\Desktop\Sales Management System\SalesSystem\SalesSystem.Desktop\SalesSystem.Desktop.csproj]
C:\Users\ALlahabi\Desktop\Sales Management System\SalesSystem\SalesSystem.Desktop\Forms\PurchaseInvoiceForm.cs(230,17): warning CS8605: Unboxing a possibly null value. [C:\Users\ALlahabi\Desktop\Sales Management System\SalesSystem\SalesSystem.Desktop\SalesSystem.Desktop.csproj]
C:\Users\ALlahabi\Desktop\Sales Management System\SalesSystem\SalesSystem.Desktop\Forms\PurchaseInvoiceForm.cs(231,17): warning CS8605: Unboxing a possibly null value. [C:\Users\ALlahabi\Desktop\Sales Management System\SalesSystem\SalesSystem.Desktop\SalesSystem.Desktop.csproj]
C:\Users\ALlahabi\Desktop\Sales Management System\SalesSystem\SalesSystem.Desktop\Forms\PurchaseInvoiceForm.cs(247,64): warning CS8602: Dereference of a possibly null reference. [C:\Users\ALlahabi\Desktop\Sales Management System\SalesSystem\SalesSystem.Desktop\SalesSystem.Desktop.csproj]
C:\Users\ALlahabi\Desktop\Sales Management System\SalesSystem\SalesSystem.Desktop\Forms\PurchaseInvoiceForm.cs(257,69): warning CS8602: Dereference of a possibly null reference. [C:\Users\ALlahabi\Desktop\Sales Management System\SalesSystem\SalesSystem.Desktop\SalesSystem.Desktop.csproj]
C:\Users\ALlahabi\Desktop\Sales Management System\SalesSystem\SalesSystem.Desktop\Services\Api\PurchaseInvoiceApiService.cs(44,71): warning CS8625: Cannot convert null literal to non-nullable reference type. [C:\Users\ALlahabi\Desktop\Sales Management System\SalesSystem\SalesSystem.Desktop\SalesSystem.Desktop.csproj]
C:\Users\ALlahabi\Desktop\Sales Management System\SalesSystem\SalesSystem.Desktop\Services\Api\PurchaseInvoiceApiService.cs(49,73): warning CS8625: Cannot convert null literal to non-nullable reference type. [C:\Users\ALlahabi\Desktop\Sales Management System\SalesSystem\SalesSystem.Desktop\SalesSystem.Desktop.csproj]
C:\Users\ALlahabi\Desktop\Sales Management System\SalesSystem\SalesSystem.Desktop\Forms\StockTransferForm.cs(151,21): warning CS8605: Unboxing a possibly null value. [C:\Users\ALlahabi\Desktop\Sales Management System\SalesSystem\SalesSystem.Desktop\SalesSystem.Desktop.csproj]
C:\Users\ALlahabi\Desktop\Sales Management System\SalesSystem\SalesSystem.Desktop\Forms\StockTransferForm.cs(152,21): warning CS8605: Unboxing a possibly null value. [C:\Users\ALlahabi\Desktop\Sales Management System\SalesSystem\SalesSystem.Desktop\SalesSystem.Desktop.csproj]
C:\Users\ALlahabi\Desktop\Sales Management System\SalesSystem\SalesSystem.Desktop\Forms\StockTransferForm.cs(163,64): warning CS8602: Dereference of a possibly null reference. [C:\Users\ALlahabi\Desktop\Sales Management System\SalesSystem\SalesSystem.Desktop\SalesSystem.Desktop.csproj]
C:\Users\ALlahabi\Desktop\Sales Management System\SalesSystem\SalesSystem.Desktop\Forms\StockTransferForm.cs(166,67): warning CS8602: Dereference of a possibly null reference. [C:\Users\ALlahabi\Desktop\Sales Management System\SalesSystem\SalesSystem.Desktop\SalesSystem.Desktop.csproj]
C:\Users\ALlahabi\Desktop\Sales Management System\SalesSystem\SalesSystem.Desktop\Forms\SalesInvoiceForm.cs(268,17): warning CS8605: Unboxing a possibly null value. [C:\Users\ALlahabi\Desktop\Sales Management System\SalesSystem\SalesSystem.Desktop\SalesSystem.Desktop.csproj]
C:\Users\ALlahabi\Desktop\Sales Management System\SalesSystem\SalesSystem.Desktop\Forms\SalesInvoiceForm.cs(269,17): warning CS8605: Unboxing a possibly null value. [C:\Users\ALlahabi\Desktop\Sales Management System\SalesSystem\SalesSystem.Desktop\SalesSystem.Desktop.csproj]
C:\Users\ALlahabi\Desktop\Sales Management System\SalesSystem\SalesSystem.Desktop\Forms\SalesInvoiceForm.cs(285,61): warning CS8602: Dereference of a possibly null reference. [C:\Users\ALlahabi\Desktop\Sales Management System\SalesSystem\SalesSystem.Desktop\SalesSystem.Desktop.csproj]
C:\Users\ALlahabi\Desktop\Sales Management System\SalesSystem\SalesSystem.Desktop\Forms\SalesInvoiceForm.cs(299,65): warning CS8602: Dereference of a possibly null reference. [C:\Users\ALlahabi\Desktop\Sales Management System\SalesSystem\SalesSystem.Desktop\SalesSystem.Desktop.csproj]
C:\Users\ALlahabi\Desktop\Sales Management System\SalesSystem\SalesSystem.Desktop\Forms\SalesReturnForm.cs(187,56): warning CS8605: Unboxing a possibly null value. [C:\Users\ALlahabi\Desktop\Sales Management System\SalesSystem\SalesSystem.Desktop\SalesSystem.Desktop.csproj]
C:\Users\ALlahabi\Desktop\Sales Management System\SalesSystem\SalesSystem.Desktop\Forms\SalesReturnForm.cs(187,89): warning CS8605: Unboxing a possibly null value. [C:\Users\ALlahabi\Desktop\Sales Management System\SalesSystem\SalesSystem.Desktop\SalesSystem.Desktop.csproj]
C:\Users\ALlahabi\Desktop\Sales Management System\SalesSystem\SalesSystem.Desktop\Forms\SalesReturnForm.cs(192,62): warning CS8602: Dereference of a possibly null reference. [C:\Users\ALlahabi\Desktop\Sales Management System\SalesSystem\SalesSystem.Desktop\SalesSystem.Desktop.csproj]
C:\Users\ALlahabi\Desktop\Sales Management System\SalesSystem\SalesSystem.Desktop\Forms\SalesReturnForm.cs(195,65): warning CS8602: Dereference of a possibly null reference. [C:\Users\ALlahabi\Desktop\Sales Management System\SalesSystem\SalesSystem.Desktop\SalesSystem.Desktop.csproj]
C:\Users\ALlahabi\Desktop\Sales Management System\SalesSystem\SalesSystem.Desktop\Services\Api\StockTransferApiService.cs(38,71): warning CS8625: Cannot convert null literal to non-nullable reference type. [C:\Users\ALlahabi\Desktop\Sales Management System\SalesSystem\SalesSystem.Desktop\SalesSystem.Desktop.csproj]
C:\Users\ALlahabi\Desktop\Sales Management System\SalesSystem\SalesSystem.Desktop\Controls\Payments\CustomerPaymentsListControl.cs(69,24): warning CS8604: Possible null reference argument for parameter 'source' in 'List<CustomerDto> Enumerable.ToList<CustomerDto>(IEnumerable<CustomerDto> source)'. [C:\Users\ALlahabi\Desktop\Sales Management System\SalesSystem\SalesSystem.Desktop\SalesSystem.Desktop.csproj]
C:\Users\ALlahabi\Desktop\Sales Management System\SalesSystem\SalesSystem.Desktop\Services\Api\StockTransferApiService.cs(43,73): warning CS8625: Cannot convert null literal to non-nullable reference type. [C:\Users\ALlahabi\Desktop\Sales Management System\SalesSystem\SalesSystem.Desktop\SalesSystem.Desktop.csproj]
C:\Users\ALlahabi\Desktop\Sales Management System\SalesSystem\SalesSystem.Desktop\Controls\Categories\CategoriesListControl.cs(68,52): warning CS8602: Dereference of a possibly null reference. [C:\Users\ALlahabi\Desktop\Sales Management System\SalesSystem\SalesSystem.Desktop\SalesSystem.Desktop.csproj]
C:\Users\ALlahabi\Desktop\Sales Management System\SalesSystem\SalesSystem.Desktop\Controls\Products\ProductsListControl.cs(82,50): warning CS8602: Dereference of a possibly null reference. [C:\Users\ALlahabi\Desktop\Sales Management System\SalesSystem\SalesSystem.Desktop\SalesSystem.Desktop.csproj]
C:\Users\ALlahabi\Desktop\Sales Management System\SalesSystem\SalesSystem.Desktop\Controls\Categories\CategoriesListControl.cs(92,52): warning CS8602: Dereference of a possibly null reference. [C:\Users\ALlahabi\Desktop\Sales Management System\SalesSystem\SalesSystem.Desktop\SalesSystem.Desktop.csproj]
C:\Users\ALlahabi\Desktop\Sales Management System\SalesSystem\SalesSystem.Desktop\Controls\Categories\CategoriesListControl.cs(101,50): warning CS8602: Dereference of a possibly null reference. [C:\Users\ALlahabi\Desktop\Sales Management System\SalesSystem\SalesSystem.Desktop\SalesSystem.Desktop.csproj]
C:\Users\ALlahabi\Desktop\Sales Management System\SalesSystem\SalesSystem.Desktop\Controls\Customers\CustomersListControl.cs(110,50): warning CS8602: Dereference of a possibly null reference. [C:\Users\ALlahabi\Desktop\Sales Management System\SalesSystem\SalesSystem.Desktop\SalesSystem.Desktop.csproj]
C:\Users\ALlahabi\Desktop\Sales Management System\SalesSystem\SalesSystem.Desktop\Controls\PurchaseReturns\PurchaseReturnsListControl.cs(75,52): warning CS8602: Dereference of a possibly null reference. [C:\Users\ALlahabi\Desktop\Sales Management System\SalesSystem\SalesSystem.Desktop\SalesSystem.Desktop.csproj]
C:\Users\ALlahabi\Desktop\Sales Management System\SalesSystem\SalesSystem.Desktop\Controls\PurchaseReturns\PurchaseReturnsListControl.cs(99,49): warning CS8602: Dereference of a possibly null reference. [C:\Users\ALlahabi\Desktop\Sales Management System\SalesSystem\SalesSystem.Desktop\SalesSystem.Desktop.csproj]
C:\Users\ALlahabi\Desktop\Sales Management System\SalesSystem\SalesSystem.Desktop\Controls\PurchaseReturns\PurchaseReturnsListControl.cs(110,47): warning CS8602: Dereference of a possibly null reference. [C:\Users\ALlahabi\Desktop\Sales Management System\SalesSystem\SalesSystem.Desktop\SalesSystem.Desktop.csproj]
C:\Users\ALlahabi\Desktop\Sales Management System\SalesSystem\SalesSystem.Desktop\Controls\Inventory\InventoryListControl.cs(55,55): warning CS8602: Dereference of a possibly null reference. [C:\Users\ALlahabi\Desktop\Sales Management System\SalesSystem\SalesSystem.Desktop\SalesSystem.Desktop.csproj]
C:\Users\ALlahabi\Desktop\Sales Management System\SalesSystem\SalesSystem.Desktop\Controls\Inventory\InventoryListControl.cs(88,13): warning CS8602: Dereference of a possibly null reference. [C:\Users\ALlahabi\Desktop\Sales Management System\SalesSystem\SalesSystem.Desktop\SalesSystem.Desktop.csproj]
C:\Users\ALlahabi\Desktop\Sales Management System\SalesSystem\SalesSystem.Desktop\Controls\Inventory\InventoryListControl.cs(110,49): warning CS8602: Dereference of a possibly null reference. [C:\Users\ALlahabi\Desktop\Sales Management System\SalesSystem\SalesSystem.Desktop\SalesSystem.Desktop.csproj]
C:\Users\ALlahabi\Desktop\Sales Management System\SalesSystem\SalesSystem.Desktop\Controls\Dashboard\DashboardControl.cs(98,39): warning CS8602: Dereference of a possibly null reference. [C:\Users\ALlahabi\Desktop\Sales Management System\SalesSystem\SalesSystem.Desktop\SalesSystem.Desktop.csproj]
C:\Users\ALlahabi\Desktop\Sales Management System\SalesSystem\SalesSystem.Desktop\Controls\Payments\SupplierPaymentsListControl.cs(72,65): warning CS8602: Dereference of a possibly null reference. [C:\Users\ALlahabi\Desktop\Sales Management System\SalesSystem\SalesSystem.Desktop\SalesSystem.Desktop.csproj]
C:\Users\ALlahabi\Desktop\Sales Management System\SalesSystem\SalesSystem.Desktop\Controls\Payments\SupplierPaymentsListControl.cs(96,50): warning CS8602: Dereference of a possibly null reference. [C:\Users\ALlahabi\Desktop\Sales Management System\SalesSystem\SalesSystem.Desktop\SalesSystem.Desktop.csproj]
C:\Users\ALlahabi\Desktop\Sales Management System\SalesSystem\SalesSystem.Desktop\Controls\Payments\SupplierPaymentsListControl.cs(109,48): warning CS8602: Dereference of a possibly null reference. [C:\Users\ALlahabi\Desktop\Sales Management System\SalesSystem\SalesSystem.Desktop\SalesSystem.Desktop.csproj]
C:\Users\ALlahabi\Desktop\Sales Management System\SalesSystem\SalesSystem.Desktop\Controls\Payments\CustomerPaymentsListControl.cs(81,56): warning CS8604: Possible null reference argument for parameter 'source' in 'IOrderedEnumerable<CustomerPaymentDto> Enumerable.OrderByDescending<CustomerPaymentDto, DateTime>(IEnumerable<CustomerPaymentDto> source, Func<CustomerPaymentDto, DateTime> keySelector)'. [C:\Users\ALlahabi\Desktop\Sales Management System\SalesSystem\SalesSystem.Desktop\SalesSystem.Desktop.csproj]
C:\Users\ALlahabi\Desktop\Sales Management System\SalesSystem\SalesSystem.Desktop\Controls\Payments\PaymentsListControl.cs(76,57): warning CS8604: Possible null reference argument for parameter 'source' in 'IOrderedEnumerable<CustomerPaymentDto> Enumerable.OrderByDescending<CustomerPaymentDto, DateTime>(IEnumerable<CustomerPaymentDto> source, Func<CustomerPaymentDto, DateTime> keySelector)'. [C:\Users\ALlahabi\Desktop\Sales Management System\SalesSystem\SalesSystem.Desktop\SalesSystem.Desktop.csproj]
C:\Users\ALlahabi\Desktop\Sales Management System\SalesSystem\SalesSystem.Desktop\Controls\Payments\PaymentsListControl.cs(82,57): warning CS8604: Possible null reference argument for parameter 'source' in 'IOrderedEnumerable<SupplierPaymentDto> Enumerable.OrderByDescending<SupplierPaymentDto, DateTime>(IEnumerable<SupplierPaymentDto> source, Func<SupplierPaymentDto, DateTime> keySelector)'. [C:\Users\ALlahabi\Desktop\Sales Management System\SalesSystem\SalesSystem.Desktop\SalesSystem.Desktop.csproj]
C:\Users\ALlahabi\Desktop\Sales Management System\SalesSystem\SalesSystem.Desktop\Controls\Reports\Tabs\InventoryReportTab.cs(67,31): warning CS8601: Possible null reference assignment. [C:\Users\ALlahabi\Desktop\Sales Management System\SalesSystem\SalesSystem.Desktop\SalesSystem.Desktop.csproj]
C:\Users\ALlahabi\Desktop\Sales Management System\SalesSystem\SalesSystem.Desktop\Controls\Reports\Tabs\InventoryReportTab.cs(70,36): warning CS8602: Dereference of a possibly null reference. [C:\Users\ALlahabi\Desktop\Sales Management System\SalesSystem\SalesSystem.Desktop\SalesSystem.Desktop.csproj]
C:\Users\ALlahabi\Desktop\Sales Management System\SalesSystem\SalesSystem.Desktop\Controls\Reports\Tabs\InventoryReportTab.cs(90,28): warning CS8604: Possible null reference argument for parameter 'source' in 'List<StockReportDto> Enumerable.ToList<StockReportDto>(IEnumerable<StockReportDto> source)'. [C:\Users\ALlahabi\Desktop\Sales Management System\SalesSystem\SalesSystem.Desktop\SalesSystem.Desktop.csproj]
C:\Users\ALlahabi\Desktop\Sales Management System\SalesSystem\SalesSystem.Desktop\Controls\Reports\Tabs\LowStockReportTab.cs(55,28): warning CS8604: Possible null reference argument for parameter 'source' in 'List<LowStockReportDto> Enumerable.ToList<LowStockReportDto>(IEnumerable<LowStockReportDto> source)'. [C:\Users\ALlahabi\Desktop\Sales Management System\SalesSystem\SalesSystem.Desktop\SalesSystem.Desktop.csproj]
C:\Users\ALlahabi\Desktop\Sales Management System\SalesSystem\SalesSystem.Desktop\Controls\Reports\Tabs\InventoryReportTab.cs(140,48): warning CS8602: Dereference of a possibly null reference. [C:\Users\ALlahabi\Desktop\Sales Management System\SalesSystem\SalesSystem.Desktop\SalesSystem.Desktop.csproj]
C:\Users\ALlahabi\Desktop\Sales Management System\SalesSystem\SalesSystem.Desktop\Controls\Reports\Tabs\InventoryReportTab.cs(151,13): warning CS8602: Dereference of a possibly null reference. [C:\Users\ALlahabi\Desktop\Sales Management System\SalesSystem\SalesSystem.Desktop\SalesSystem.Desktop.csproj]
C:\Users\ALlahabi\Desktop\Sales Management System\SalesSystem\SalesSystem.Desktop\Controls\Reports\Tabs\InventoryReportTab.cs(154,13): warning CS8602: Dereference of a possibly null reference. [C:\Users\ALlahabi\Desktop\Sales Management System\SalesSystem\SalesSystem.Desktop\SalesSystem.Desktop.csproj]
C:\Users\ALlahabi\Desktop\Sales Management System\SalesSystem\SalesSystem.Desktop\Controls\Reports\Tabs\LowStockReportTab.cs(94,48): warning CS8602: Dereference of a possibly null reference. [C:\Users\ALlahabi\Desktop\Sales Management System\SalesSystem\SalesSystem.Desktop\SalesSystem.Desktop.csproj]
C:\Users\ALlahabi\Desktop\Sales Management System\SalesSystem\SalesSystem.Desktop\Controls\Reports\Tabs\LowStockReportTab.cs(105,13): warning CS8602: Dereference of a possibly null reference. [C:\Users\ALlahabi\Desktop\Sales Management System\SalesSystem\SalesSystem.Desktop\SalesSystem.Desktop.csproj]
C:\Users\ALlahabi\Desktop\Sales Management System\SalesSystem\SalesSystem.Desktop\Controls\Reports\Tabs\LowStockReportTab.cs(108,13): warning CS8602: Dereference of a possibly null reference. [C:\Users\ALlahabi\Desktop\Sales Management System\SalesSystem\SalesSystem.Desktop\SalesSystem.Desktop.csproj]
C:\Users\ALlahabi\Desktop\Sales Management System\SalesSystem\SalesSystem.Desktop\Controls\Reports\Tabs\InventoryReportTab.cs(173,46): warning CS8602: Dereference of a possibly null reference. [C:\Users\ALlahabi\Desktop\Sales Management System\SalesSystem\SalesSystem.Desktop\SalesSystem.Desktop.csproj]
C:\Users\ALlahabi\Desktop\Sales Management System\SalesSystem\SalesSystem.Desktop\Controls\Reports\Tabs\LowStockReportTab.cs(123,46): warning CS8602: Dereference of a possibly null reference. [C:\Users\ALlahabi\Desktop\Sales Management System\SalesSystem\SalesSystem.Desktop\SalesSystem.Desktop.csproj]
C:\Users\ALlahabi\Desktop\Sales Management System\SalesSystem\SalesSystem.Desktop\Controls\Purchases\PurchasesListControl.cs(93,45): warning CS8604: Possible null reference argument for parameter 'source' in 'IEnumerable<<anonymous type: int Id, string InvoiceNo, DateTime InvoiceDate, string SupplierName, decimal TotalAmount, string StatusName, PurchaseInvoiceDto Original>> Enumerable.Select<PurchaseInvoiceDto, <anonymous type: int Id, string InvoiceNo, DateTime InvoiceDate, string SupplierName, decimal TotalAmount, string StatusName, PurchaseInvoiceDto Original>>(IEnumerable<PurchaseInvoiceDto> source, Func<PurchaseInvoiceDto, <anonymous type: int Id, string InvoiceNo, DateTime InvoiceDate, string SupplierName, decimal TotalAmount, string StatusName, PurchaseInvoiceDto Original>> selector)'. [C:\Users\ALlahabi\Desktop\Sales Management System\SalesSystem\SalesSystem.Desktop\SalesSystem.Desktop.csproj]
C:\Users\ALlahabi\Desktop\Sales Management System\SalesSystem\SalesSystem.Desktop\Controls\Reports\Tabs\SupplierBalanceReportTab.cs(56,28): warning CS8604: Possible null reference argument for parameter 'source' in 'List<SupplierBalanceReportDto> Enumerable.ToList<SupplierBalanceReportDto>(IEnumerable<SupplierBalanceReportDto> source)'. [C:\Users\ALlahabi\Desktop\Sales Management System\SalesSystem\SalesSystem.Desktop\SalesSystem.Desktop.csproj]
C:\Users\ALlahabi\Desktop\Sales Management System\SalesSystem\SalesSystem.Desktop\Controls\Reports\Tabs\PurchasesReportTab.cs(56,28): warning CS8604: Possible null reference argument for parameter 'source' in 'List<PurchaseReportDto> Enumerable.ToList<PurchaseReportDto>(IEnumerable<PurchaseReportDto> source)'. [C:\Users\ALlahabi\Desktop\Sales Management System\SalesSystem\SalesSystem.Desktop\SalesSystem.Desktop.csproj]
C:\Users\ALlahabi\Desktop\Sales Management System\SalesSystem\SalesSystem.Desktop\Controls\Reports\Tabs\SupplierBalanceReportTab.cs(95,48): warning CS8602: Dereference of a possibly null reference. [C:\Users\ALlahabi\Desktop\Sales Management System\SalesSystem\SalesSystem.Desktop\SalesSystem.Desktop.csproj]
C:\Users\ALlahabi\Desktop\Sales Management System\SalesSystem\SalesSystem.Desktop\Controls\Reports\Tabs\SupplierBalanceReportTab.cs(109,17): warning CS8602: Dereference of a possibly null reference. [C:\Users\ALlahabi\Desktop\Sales Management System\SalesSystem\SalesSystem.Desktop\SalesSystem.Desktop.csproj]
C:\Users\ALlahabi\Desktop\Sales Management System\SalesSystem\SalesSystem.Desktop\Controls\Reports\Tabs\SupplierBalanceReportTab.cs(110,17): warning CS8602: Dereference of a possibly null reference. [C:\Users\ALlahabi\Desktop\Sales Management System\SalesSystem\SalesSystem.Desktop\SalesSystem.Desktop.csproj]
C:\Users\ALlahabi\Desktop\Sales Management System\SalesSystem\SalesSystem.Desktop\Controls\Reports\Tabs\SalesReportTab.cs(56,28): warning CS8604: Possible null reference argument for parameter 'source' in 'List<SalesReportDto> Enumerable.ToList<SalesReportDto>(IEnumerable<SalesReportDto> source)'. [C:\Users\ALlahabi\Desktop\Sales Management System\SalesSystem\SalesSystem.Desktop\SalesSystem.Desktop.csproj]
C:\Users\ALlahabi\Desktop\Sales Management System\SalesSystem\SalesSystem.Desktop\Controls\SalesReturns\SalesReturnsListControl.cs(75,52): warning CS8602: Dereference of a possibly null reference. [C:\Users\ALlahabi\Desktop\Sales Management System\SalesSystem\SalesSystem.Desktop\SalesSystem.Desktop.csproj]
C:\Users\ALlahabi\Desktop\Sales Management System\SalesSystem\SalesSystem.Desktop\Controls\SalesReturns\SalesReturnsListControl.cs(99,49): warning CS8602: Dereference of a possibly null reference. [C:\Users\ALlahabi\Desktop\Sales Management System\SalesSystem\SalesSystem.Desktop\SalesSystem.Desktop.csproj]
C:\Users\ALlahabi\Desktop\Sales Management System\SalesSystem\SalesSystem.Desktop\Controls\SalesReturns\SalesReturnsListControl.cs(110,47): warning CS8602: Dereference of a possibly null reference. [C:\Users\ALlahabi\Desktop\Sales Management System\SalesSystem\SalesSystem.Desktop\SalesSystem.Desktop.csproj]
C:\Users\ALlahabi\Desktop\Sales Management System\SalesSystem\SalesSystem.Desktop\Controls\Settings\SettingsListControl.cs(85,37): warning CS8602: Dereference of a possibly null reference. [C:\Users\ALlahabi\Desktop\Sales Management System\SalesSystem\SalesSystem.Desktop\SalesSystem.Desktop.csproj]
C:\Users\ALlahabi\Desktop\Sales Management System\SalesSystem\SalesSystem.Desktop\Controls\Sales\SalesListControl.cs(111,45): warning CS8604: Possible null reference argument for parameter 'source' in 'IEnumerable<<anonymous type: int Id, string InvoiceNo, DateTime InvoiceDate, string CustomerName, decimal TotalAmount, string StatusName, SalesInvoiceDto Original>> Enumerable.Select<SalesInvoiceDto, <anonymous type: int Id, string InvoiceNo, DateTime InvoiceDate, string CustomerName, decimal TotalAmount, string StatusName, SalesInvoiceDto Original>>(IEnumerable<SalesInvoiceDto> source, Func<SalesInvoiceDto, <anonymous type: int Id, string InvoiceNo, DateTime InvoiceDate, string CustomerName, decimal TotalAmount, string StatusName, SalesInvoiceDto Original>> selector)'. [C:\Users\ALlahabi\Desktop\Sales Management System\SalesSystem\SalesSystem.Desktop\SalesSystem.Desktop.csproj]
C:\Users\ALlahabi\Desktop\Sales Management System\SalesSystem\SalesSystem.Desktop\Controls\StockTransfers\StockTransfersListControl.cs(68,41): warning CS8604: Possible null reference argument for parameter 'source' in 'IEnumerable<<anonymous type: int Id, string TransferNo, DateTime TransferDate, string FromWarehouseName, string ToWarehouseName, string StatusText, StockTransferDto Original>> Enumerable.Select<StockTransferDto, <anonymous type: int Id, string TransferNo, DateTime TransferDate, string FromWarehouseName, string ToWarehouseName, string StatusText, StockTransferDto Original>>(IEnumerable<StockTransferDto> source, Func<StockTransferDto, <anonymous type: int Id, string TransferNo, DateTime TransferDate, string FromWarehouseName, string ToWarehouseName, string StatusText, StockTransferDto Original>> selector)'. [C:\Users\ALlahabi\Desktop\Sales Management System\SalesSystem\SalesSystem.Desktop\SalesSystem.Desktop.csproj]
C:\Users\ALlahabi\Desktop\Sales Management System\SalesSystem\SalesSystem.Desktop\Controls\Units\UnitManagerDialog.cs(93,54): warning CS8602: Dereference of a possibly null reference. [C:\Users\ALlahabi\Desktop\Sales Management System\SalesSystem\SalesSystem.Desktop\SalesSystem.Desktop.csproj]
C:\Users\ALlahabi\Desktop\Sales Management System\SalesSystem\SalesSystem.Desktop\Controls\Users\UsersListControl.cs(48,58): warning CS8602: Dereference of a possibly null reference. [C:\Users\ALlahabi\Desktop\Sales Management System\SalesSystem\SalesSystem.Desktop\SalesSystem.Desktop.csproj]
C:\Users\ALlahabi\Desktop\Sales Management System\SalesSystem\SalesSystem.Desktop\Controls\Users\UsersListControl.cs(73,45): warning CS8602: Dereference of a possibly null reference. [C:\Users\ALlahabi\Desktop\Sales Management System\SalesSystem\SalesSystem.Desktop\SalesSystem.Desktop.csproj]
C:\Users\ALlahabi\Desktop\Sales Management System\SalesSystem\SalesSystem.Desktop\Controls\Reports\Tabs\CustomerBalanceReportTab.cs(67,30): warning CS8601: Possible null reference assignment. [C:\Users\ALlahabi\Desktop\Sales Management System\SalesSystem\SalesSystem.Desktop\SalesSystem.Desktop.csproj]
C:\Users\ALlahabi\Desktop\Sales Management System\SalesSystem\SalesSystem.Desktop\Controls\Reports\Tabs\CustomerBalanceReportTab.cs(70,38): warning CS8602: Dereference of a possibly null reference. [C:\Users\ALlahabi\Desktop\Sales Management System\SalesSystem\SalesSystem.Desktop\SalesSystem.Desktop.csproj]
C:\Users\ALlahabi\Desktop\Sales Management System\SalesSystem\SalesSystem.Desktop\Controls\Reports\Tabs\ProductMovementReportTab.cs(134,28): warning CS8604: Possible null reference argument for parameter 'source' in 'List<ProductDto> Enumerable.ToList<ProductDto>(IEnumerable<ProductDto> source)'. [C:\Users\ALlahabi\Desktop\Sales Management System\SalesSystem\SalesSystem.Desktop\SalesSystem.Desktop.csproj]
C:\Users\ALlahabi\Desktop\Sales Management System\SalesSystem\SalesSystem.Desktop\Controls\Reports\Tabs\ProductMovementReportTab.cs(156,28): warning CS8604: Possible null reference argument for parameter 'source' in 'List<ProductMovementReportDto> Enumerable.ToList<ProductMovementReportDto>(IEnumerable<ProductMovementReportDto> source)'. [C:\Users\ALlahabi\Desktop\Sales Management System\SalesSystem\SalesSystem.Desktop\SalesSystem.Desktop.csproj]
C:\Users\ALlahabi\Desktop\Sales Management System\SalesSystem\SalesSystem.Desktop\Controls\Reports\Tabs\SupplierBalanceReportTab.cs(137,46): warning CS8602: Dereference of a possibly null reference. [C:\Users\ALlahabi\Desktop\Sales Management System\SalesSystem\SalesSystem.Desktop\SalesSystem.Desktop.csproj]
C:\Users\ALlahabi\Desktop\Sales Management System\SalesSystem\SalesSystem.Desktop\Controls\Reports\Tabs\PurchasesReportTab.cs(98,48): warning CS8602: Dereference of a possibly null reference. [C:\Users\ALlahabi\Desktop\Sales Management System\SalesSystem\SalesSystem.Desktop\SalesSystem.Desktop.csproj]
C:\Users\ALlahabi\Desktop\Sales Management System\SalesSystem\SalesSystem.Desktop\Controls\Reports\Tabs\PurchasesReportTab.cs(112,17): warning CS8602: Dereference of a possibly null reference. [C:\Users\ALlahabi\Desktop\Sales Management System\SalesSystem\SalesSystem.Desktop\SalesSystem.Desktop.csproj]
C:\Users\ALlahabi\Desktop\Sales Management System\SalesSystem\SalesSystem.Desktop\Controls\Reports\Tabs\PurchasesReportTab.cs(113,17): warning CS8602: Dereference of a possibly null reference. [C:\Users\ALlahabi\Desktop\Sales Management System\SalesSystem\SalesSystem.Desktop\SalesSystem.Desktop.csproj]
C:\Users\ALlahabi\Desktop\Sales Management System\SalesSystem\SalesSystem.Desktop\Controls\Reports\Tabs\PurchasesReportTab.cs(118,13): warning CS8602: Dereference of a possibly null reference. [C:\Users\ALlahabi\Desktop\Sales Management System\SalesSystem\SalesSystem.Desktop\SalesSystem.Desktop.csproj]
C:\Users\ALlahabi\Desktop\Sales Management System\SalesSystem\SalesSystem.Desktop\Controls\Reports\Tabs\PurchasesReportTab.cs(123,46): warning CS8602: Dereference of a possibly null reference. [C:\Users\ALlahabi\Desktop\Sales Management System\SalesSystem\SalesSystem.Desktop\SalesSystem.Desktop.csproj]
C:\Users\ALlahabi\Desktop\Sales Management System\SalesSystem\SalesSystem.Desktop\Controls\Units\UnitsListControl.cs(79,50): warning CS8602: Dereference of a possibly null reference. [C:\Users\ALlahabi\Desktop\Sales Management System\SalesSystem\SalesSystem.Desktop\SalesSystem.Desktop.csproj]
C:\Users\ALlahabi\Desktop\Sales Management System\SalesSystem\SalesSystem.Desktop\Controls\Reports\Tabs\SalesReportTab.cs(98,48): warning CS8602: Dereference of a possibly null reference. [C:\Users\ALlahabi\Desktop\Sales Management System\SalesSystem\SalesSystem.Desktop\SalesSystem.Desktop.csproj]
C:\Users\ALlahabi\Desktop\Sales Management System\SalesSystem\SalesSystem.Desktop\Controls\Reports\Tabs\SalesReportTab.cs(112,17): warning CS8602: Dereference of a possibly null reference. [C:\Users\ALlahabi\Desktop\Sales Management System\SalesSystem\SalesSystem.Desktop\SalesSystem.Desktop.csproj]
C:\Users\ALlahabi\Desktop\Sales Management System\SalesSystem\SalesSystem.Desktop\Controls\Reports\Tabs\SalesReportTab.cs(113,17): warning CS8602: Dereference of a possibly null reference. [C:\Users\ALlahabi\Desktop\Sales Management System\SalesSystem\SalesSystem.Desktop\SalesSystem.Desktop.csproj]
C:\Users\ALlahabi\Desktop\Sales Management System\SalesSystem\SalesSystem.Desktop\Controls\Reports\Tabs\SalesReportTab.cs(118,13): warning CS8602: Dereference of a possibly null reference. [C:\Users\ALlahabi\Desktop\Sales Management System\SalesSystem\SalesSystem.Desktop\SalesSystem.Desktop.csproj]
C:\Users\ALlahabi\Desktop\Sales Management System\SalesSystem\SalesSystem.Desktop\Controls\Reports\Tabs\SalesReportTab.cs(123,46): warning CS8602: Dereference of a possibly null reference. [C:\Users\ALlahabi\Desktop\Sales Management System\SalesSystem\SalesSystem.Desktop\SalesSystem.Desktop.csproj]
C:\Users\ALlahabi\Desktop\Sales Management System\SalesSystem\SalesSystem.Desktop\Controls\Suppliers\SuppliersListControl.cs(110,51): warning CS8602: Dereference of a possibly null reference. [C:\Users\ALlahabi\Desktop\Sales Management System\SalesSystem\SalesSystem.Desktop\SalesSystem.Desktop.csproj]
C:\Users\ALlahabi\Desktop\Sales Management System\SalesSystem\SalesSystem.Desktop\Controls\Reports\Tabs\CustomerBalanceReportTab.cs(90,28): warning CS8604: Possible null reference argument for parameter 'source' in 'List<CustomerBalanceReportDto> Enumerable.ToList<CustomerBalanceReportDto>(IEnumerable<CustomerBalanceReportDto> source)'. [C:\Users\ALlahabi\Desktop\Sales Management System\SalesSystem\SalesSystem.Desktop\SalesSystem.Desktop.csproj]
C:\Users\ALlahabi\Desktop\Sales Management System\SalesSystem\SalesSystem.Desktop\Controls\Reports\Tabs\CustomerBalanceReportTab.cs(141,48): warning CS8602: Dereference of a possibly null reference. [C:\Users\ALlahabi\Desktop\Sales Management System\SalesSystem\SalesSystem.Desktop\SalesSystem.Desktop.csproj]
C:\Users\ALlahabi\Desktop\Sales Management System\SalesSystem\SalesSystem.Desktop\Controls\Reports\Tabs\CustomerBalanceReportTab.cs(155,17): warning CS8602: Dereference of a possibly null reference. [C:\Users\ALlahabi\Desktop\Sales Management System\SalesSystem\SalesSystem.Desktop\SalesSystem.Desktop.csproj]
C:\Users\ALlahabi\Desktop\Sales Management System\SalesSystem\SalesSystem.Desktop\Controls\Reports\Tabs\CustomerBalanceReportTab.cs(156,17): warning CS8602: Dereference of a possibly null reference. [C:\Users\ALlahabi\Desktop\Sales Management System\SalesSystem\SalesSystem.Desktop\SalesSystem.Desktop.csproj]
C:\Users\ALlahabi\Desktop\Sales Management System\SalesSystem\SalesSystem.Desktop\Controls\Reports\Tabs\CustomerBalanceReportTab.cs(183,46): warning CS8602: Dereference of a possibly null reference. [C:\Users\ALlahabi\Desktop\Sales Management System\SalesSystem\SalesSystem.Desktop\SalesSystem.Desktop.csproj]
C:\Users\ALlahabi\Desktop\Sales Management System\SalesSystem\SalesSystem.Desktop\Controls\Dashboard\SummaryCardControl.cs(7,24): warning CS0414: The field 'SummaryCardControl.picIcon' is assigned but its value is never used [C:\Users\ALlahabi\Desktop\Sales Management System\SalesSystem\SalesSystem.Desktop\SalesSystem.Desktop.csproj]
C:\Users\ALlahabi\Desktop\Sales Management System\SalesSystem\SalesSystem.Desktop\Forms\LoginForm.Designer.cs(5,50): warning CS0414: The field 'LoginForm.components' is assigned but its value is never used [C:\Users\ALlahabi\Desktop\Sales Management System\SalesSystem\SalesSystem.Desktop\SalesSystem.Desktop.csproj]
C:\Users\ALlahabi\Desktop\Sales Management System\SalesSystem\SalesSystem.Desktop\Controls\Reports\Tabs\SupplierBalanceReportTab.cs(18,22): warning CS0414: The field 'SupplierBalanceReportTab.cmbSupplier' is assigned but its value is never used [C:\Users\ALlahabi\Desktop\Sales Management System\SalesSystem\SalesSystem.Desktop\SalesSystem.Desktop.csproj]
C:\Users\ALlahabi\Desktop\Sales Management System\SalesSystem\SalesSystem.Desktop\Forms\CustomerPaymentDialog.cs(66,55): error CS1739: The best overload for 'GetAllAsync' does not have a parameter named 'customerId' [C:\Users\ALlahabi\Desktop\Sales Management System\SalesSystem\SalesSystem.Desktop\SalesSystem.Desktop.csproj]
C:\Users\ALlahabi\Desktop\Sales Management System\SalesSystem\SalesSystem.Desktop\Forms\CustomerPaymentDialog.cs(90,68): error CS1503: Argument 2: cannot convert from 'int?' to 'decimal' [C:\Users\ALlahabi\Desktop\Sales Management System\SalesSystem\SalesSystem.Desktop\SalesSystem.Desktop.csproj]
C:\Users\ALlahabi\Desktop\Sales Management System\SalesSystem\SalesSystem.Desktop\Forms\CustomerPaymentDialog.cs(90,79): error CS1503: Argument 3: cannot convert from 'decimal' to 'SalesSystem.Contracts.Enums.PaymentType' [C:\Users\ALlahabi\Desktop\Sales Management System\SalesSystem\SalesSystem.Desktop\SalesSystem.Desktop.csproj]
C:\Users\ALlahabi\Desktop\Sales Management System\SalesSystem\SalesSystem.Desktop\Forms\CustomerPaymentDialog.cs(90,102): error CS1503: Argument 5: cannot convert from 'string' to 'int?' [C:\Users\ALlahabi\Desktop\Sales Management System\SalesSystem\SalesSystem.Desktop\SalesSystem.Desktop.csproj]
C:\Users\ALlahabi\Desktop\Sales Management System\SalesSystem\SalesSystem.Desktop\Forms\PurchaseReturnForm.cs(91,50): error CS1061: 'PurchaseReturnDto' does not contain a definition for 'InvoiceNo' and no accessible extension method 'InvoiceNo' accepting a first argument of type 'PurchaseReturnDto' could be found (are you missing a using directive or an assembly reference?) [C:\Users\ALlahabi\Desktop\Sales Management System\SalesSystem\SalesSystem.Desktop\SalesSystem.Desktop.csproj]
C:\Users\ALlahabi\Desktop\Sales Management System\SalesSystem\SalesSystem.Desktop\Forms\PurchaseReturnForm.cs(92,38): error CS1061: 'PurchaseReturnDto' does not contain a definition for 'InvoiceNo' and no accessible extension method 'InvoiceNo' accepting a first argument of type 'PurchaseReturnDto' could be found (are you missing a using directive or an assembly reference?) [C:\Users\ALlahabi\Desktop\Sales Management System\SalesSystem\SalesSystem.Desktop\SalesSystem.Desktop.csproj]
C:\Users\ALlahabi\Desktop\Sales Management System\SalesSystem\SalesSystem.Desktop\Forms\PurchaseReturnForm.cs(93,34): error CS1061: 'PurchaseReturnDto' does not contain a definition for 'InvoiceDate' and no accessible extension method 'InvoiceDate' accepting a first argument of type 'PurchaseReturnDto' could be found (are you missing a using directive or an assembly reference?) [C:\Users\ALlahabi\Desktop\Sales Management System\SalesSystem\SalesSystem.Desktop\SalesSystem.Desktop.csproj]
C:\Users\ALlahabi\Desktop\Sales Management System\SalesSystem\SalesSystem.Desktop\Forms\PurchaseReturnForm.cs(96,38): error CS1061: 'PurchaseReturnDto' does not contain a definition for 'ReferenceInvoiceNo' and no accessible extension method 'ReferenceInvoiceNo' accepting a first argument of type 'PurchaseReturnDto' could be found (are you missing a using directive or an assembly reference?) [C:\Users\ALlahabi\Desktop\Sales Management System\SalesSystem\SalesSystem.Desktop\SalesSystem.Desktop.csproj]
C:\Users\ALlahabi\Desktop\Sales Management System\SalesSystem\SalesSystem.Desktop\Forms\PurchaseReturnForm.cs(105,36): error CS1061: 'PurchaseReturnItemDto' does not contain a definition for 'ProductCode' and no accessible extension method 'ProductCode' accepting a first argument of type 'PurchaseReturnItemDto' could be found (are you missing a using directive or an assembly reference?) [C:\Users\ALlahabi\Desktop\Sales Management System\SalesSystem\SalesSystem.Desktop\SalesSystem.Desktop.csproj]
C:\Users\ALlahabi\Desktop\Sales Management System\SalesSystem\SalesSystem.Desktop\Forms\SalesInvoiceForm.cs(120,36): error CS1061: 'SalesInvoiceItemDto' does not contain a definition for 'ProductCode' and no accessible extension method 'ProductCode' accepting a first argument of type 'SalesInvoiceItemDto' could be found (are you missing a using directive or an assembly reference?) [C:\Users\ALlahabi\Desktop\Sales Management System\SalesSystem\SalesSystem.Desktop\SalesSystem.Desktop.csproj]
C:\Users\ALlahabi\Desktop\Sales Management System\SalesSystem\SalesSystem.Desktop\Forms\PurchaseInvoiceForm.cs(107,36): error CS1061: 'PurchaseInvoiceItemDto' does not contain a definition for 'ProductCode' and no accessible extension method 'ProductCode' accepting a first argument of type 'PurchaseInvoiceItemDto' could be found (are you missing a using directive or an assembly reference?) [C:\Users\ALlahabi\Desktop\Sales Management System\SalesSystem\SalesSystem.Desktop\SalesSystem.Desktop.csproj]
C:\Users\ALlahabi\Desktop\Sales Management System\SalesSystem\SalesSystem.Desktop\Forms\PurchaseInvoiceForm.cs(157,40): error CS1061: 'ProductDto' does not contain a definition for 'PurchaseCost' and no accessible extension method 'PurchaseCost' accepting a first argument of type 'ProductDto' could be found (are you missing a using directive or an assembly reference?) [C:\Users\ALlahabi\Desktop\Sales Management System\SalesSystem\SalesSystem.Desktop\SalesSystem.Desktop.csproj]
C:\Users\ALlahabi\Desktop\Sales Management System\SalesSystem\SalesSystem.Desktop\Forms\PurchaseReturnForm.cs(137,100): error CS1061: 'ProductDto' does not contain a definition for 'LastPurchaseCost' and no accessible extension method 'LastPurchaseCost' accepting a first argument of type 'ProductDto' could be found (are you missing a using directive or an assembly reference?) [C:\Users\ALlahabi\Desktop\Sales Management System\SalesSystem\SalesSystem.Desktop\SalesSystem.Desktop.csproj]
C:\Users\ALlahabi\Desktop\Sales Management System\SalesSystem\SalesSystem.Desktop\Forms\SalesReturnForm.cs(93,49): error CS1061: 'SalesReturnDto' does not contain a definition for 'InvoiceNo' and no accessible extension method 'InvoiceNo' accepting a first argument of type 'SalesReturnDto' could be found (are you missing a using directive or an assembly reference?) [C:\Users\ALlahabi\Desktop\Sales Management System\SalesSystem\SalesSystem.Desktop\SalesSystem.Desktop.csproj]
C:\Users\ALlahabi\Desktop\Sales Management System\SalesSystem\SalesSystem.Desktop\Forms\SalesReturnForm.cs(94,38): error CS1061: 'SalesReturnDto' does not contain a definition for 'InvoiceNo' and no accessible extension method 'InvoiceNo' accepting a first argument of type 'SalesReturnDto' could be found (are you missing a using directive or an assembly reference?) [C:\Users\ALlahabi\Desktop\Sales Management System\SalesSystem\SalesSystem.Desktop\SalesSystem.Desktop.csproj]
C:\Users\ALlahabi\Desktop\Sales Management System\SalesSystem\SalesSystem.Desktop\Forms\SalesReturnForm.cs(95,34): error CS1061: 'SalesReturnDto' does not contain a definition for 'InvoiceDate' and no accessible extension method 'InvoiceDate' accepting a first argument of type 'SalesReturnDto' could be found (are you missing a using directive or an assembly reference?) [C:\Users\ALlahabi\Desktop\Sales Management System\SalesSystem\SalesSystem.Desktop\SalesSystem.Desktop.csproj]
C:\Users\ALlahabi\Desktop\Sales Management System\SalesSystem\SalesSystem.Desktop\Forms\SalesReturnForm.cs(98,38): error CS1061: 'SalesReturnDto' does not contain a definition for 'ReferenceInvoiceNo' and no accessible extension method 'ReferenceInvoiceNo' accepting a first argument of type 'SalesReturnDto' could be found (are you missing a using directive or an assembly reference?) [C:\Users\ALlahabi\Desktop\Sales Management System\SalesSystem\SalesSystem.Desktop\SalesSystem.Desktop.csproj]
C:\Users\ALlahabi\Desktop\Sales Management System\SalesSystem\SalesSystem.Desktop\Forms\SalesReturnForm.cs(107,36): error CS1061: 'SalesReturnItemDto' does not contain a definition for 'ProductCode' and no accessible extension method 'ProductCode' accepting a first argument of type 'SalesReturnItemDto' could be found (are you missing a using directive or an assembly reference?) [C:\Users\ALlahabi\Desktop\Sales Management System\SalesSystem\SalesSystem.Desktop\SalesSystem.Desktop.csproj]
C:\Users\ALlahabi\Desktop\Sales Management System\SalesSystem\SalesSystem.Desktop\Forms\StockTransferForm.cs(85,45): error CS1061: 'StockTransferDto' does not contain a definition for 'SourceWarehouseId' and no accessible extension method 'SourceWarehouseId' accepting a first argument of type 'StockTransferDto' could be found (are you missing a using directive or an assembly reference?) [C:\Users\ALlahabi\Desktop\Sales Management System\SalesSystem\SalesSystem.Desktop\SalesSystem.Desktop.csproj]
C:\Users\ALlahabi\Desktop\Sales Management System\SalesSystem\SalesSystem.Desktop\Forms\StockTransferForm.cs(86,43): error CS1061: 'StockTransferDto' does not contain a definition for 'DestinationWarehouseId' and no accessible extension method 'DestinationWarehouseId' accepting a first argument of type 'StockTransferDto' could be found (are you missing a using directive or an assembly reference?) [C:\Users\ALlahabi\Desktop\Sales Management System\SalesSystem\SalesSystem.Desktop\SalesSystem.Desktop.csproj]
C:\Users\ALlahabi\Desktop\Sales Management System\SalesSystem\SalesSystem.Desktop\Forms\StockTransferForm.cs(94,36): error CS1061: 'StockTransferItemDto' does not contain a definition for 'ProductCode' and no accessible extension method 'ProductCode' accepting a first argument of type 'StockTransferItemDto' could be found (are you missing a using directive or an assembly reference?) [C:\Users\ALlahabi\Desktop\Sales Management System\SalesSystem\SalesSystem.Desktop\SalesSystem.Desktop.csproj]
C:\Users\ALlahabi\Desktop\Sales Management System\SalesSystem\SalesSystem.Desktop\Forms\SupplierPaymentDialog.cs(66,58): error CS1739: The best overload for 'GetAllAsync' does not have a parameter named 'supplierId' [C:\Users\ALlahabi\Desktop\Sales Management System\SalesSystem\SalesSystem.Desktop\SalesSystem.Desktop.csproj]
C:\Users\ALlahabi\Desktop\Sales Management System\SalesSystem\SalesSystem.Desktop\Forms\SupplierPaymentDialog.cs(90,68): error CS1503: Argument 2: cannot convert from 'int?' to 'decimal' [C:\Users\ALlahabi\Desktop\Sales Management System\SalesSystem\SalesSystem.Desktop\SalesSystem.Desktop.csproj]
C:\Users\ALlahabi\Desktop\Sales Management System\SalesSystem\SalesSystem.Desktop\Forms\SupplierPaymentDialog.cs(90,79): error CS1503: Argument 3: cannot convert from 'decimal' to 'SalesSystem.Contracts.Enums.PaymentType' [C:\Users\ALlahabi\Desktop\Sales Management System\SalesSystem\SalesSystem.Desktop\SalesSystem.Desktop.csproj]
C:\Users\ALlahabi\Desktop\Sales Management System\SalesSystem\SalesSystem.Desktop\Forms\SupplierPaymentDialog.cs(90,102): error CS1503: Argument 5: cannot convert from 'string' to 'int?' [C:\Users\ALlahabi\Desktop\Sales Management System\SalesSystem\SalesSystem.Desktop\SalesSystem.Desktop.csproj]
C:\Users\ALlahabi\Desktop\Sales Management System\SalesSystem\SalesSystem.Desktop\Forms\PurchaseReturnForm.cs(184,76): error CS0246: The type or namespace name 'CreatePurchaseReturnItemRequest' could not be found (are you missing a using directive or an assembly reference?) [C:\Users\ALlahabi\Desktop\Sales Management System\SalesSystem\SalesSystem.Desktop\SalesSystem.Desktop.csproj]
C:\Users\ALlahabi\Desktop\Sales Management System\SalesSystem\SalesSystem.Desktop\Forms\PurchaseReturnForm.cs(185,31): error CS1729: 'CreatePurchaseReturnRequest' does not contain a constructor that takes 7 arguments [C:\Users\ALlahabi\Desktop\Sales Management System\SalesSystem\SalesSystem.Desktop\SalesSystem.Desktop.csproj]
C:\Users\ALlahabi\Desktop\Sales Management System\SalesSystem\SalesSystem.Desktop\Program.cs(106,39): error CS0246: The type or namespace name 'SalesInvoiceDialogFactory' could not be found (are you missing a using directive or an assembly reference?) [C:\Users\ALlahabi\Desktop\Sales Management System\SalesSystem\SalesSystem.Desktop\SalesSystem.Desktop.csproj]
C:\Users\ALlahabi\Desktop\Sales Management System\SalesSystem\SalesSystem.Desktop\Program.cs(107,39): error CS0246: The type or namespace name 'PurchaseInvoiceDialogFactory' could not be found (are you missing a using directive or an assembly reference?) [C:\Users\ALlahabi\Desktop\Sales Management System\SalesSystem\SalesSystem.Desktop\SalesSystem.Desktop.csproj]
C:\Users\ALlahabi\Desktop\Sales Management System\SalesSystem\SalesSystem.Desktop\Forms\SalesReturnForm.cs(186,76): error CS0246: The type or namespace name 'CreateSalesReturnItemRequest' could not be found (are you missing a using directive or an assembly reference?) [C:\Users\ALlahabi\Desktop\Sales Management System\SalesSystem\SalesSystem.Desktop\SalesSystem.Desktop.csproj]
C:\Users\ALlahabi\Desktop\Sales Management System\SalesSystem\SalesSystem.Desktop\Forms\SalesReturnForm.cs(187,31): error CS1729: 'CreateSalesReturnRequest' does not contain a constructor that takes 7 arguments [C:\Users\ALlahabi\Desktop\Sales Management System\SalesSystem\SalesSystem.Desktop\SalesSystem.Desktop.csproj]
C:\Users\ALlahabi\Desktop\Sales Management System\SalesSystem\SalesSystem.Desktop\Controls\Dashboard\DashboardControl.cs(59,13): error CS0019: Operator '==' cannot be applied to operands of type 'UserRole?' and 'int' [C:\Users\ALlahabi\Desktop\Sales Management System\SalesSystem\SalesSystem.Desktop\SalesSystem.Desktop.csproj]
C:\Users\ALlahabi\Desktop\Sales Management System\SalesSystem\SalesSystem.Desktop\Controls\PurchaseReturns\PurchaseReturnsListControl.cs(151,30): error CS7036: There is no argument given that corresponds to the required parameter 'eventBus' of 'PurchaseReturnForm.PurchaseReturnForm(IPurchaseReturnApiService, ISupplierApiService, IProductApiService, IWarehouseApiService, INotificationService, IEventBus, PurchaseReturnDto?)' [C:\Users\ALlahabi\Desktop\Sales Management System\SalesSystem\SalesSystem.Desktop\SalesSystem.Desktop.csproj]
C:\Users\ALlahabi\Desktop\Sales Management System\SalesSystem\SalesSystem.Desktop\Controls\Payments\SupplierPaymentsListControl.cs(164,30): error CS7036: There is no argument given that corresponds to the required parameter 'notification' of 'SupplierPaymentDialog.SupplierPaymentDialog(ISupplierPaymentApiService, ISupplierApiService, IPurchaseInvoiceApiService, INotificationService, IEventBus)' [C:\Users\ALlahabi\Desktop\Sales Management System\SalesSystem\SalesSystem.Desktop\SalesSystem.Desktop.csproj]
C:\Users\ALlahabi\Desktop\Sales Management System\SalesSystem\SalesSystem.Desktop\Controls\Returns\ReturnsListControl.cs(87,90): error CS1061: 'SalesReturnDto' does not contain a definition for 'InvoiceNo' and no accessible extension method 'InvoiceNo' accepting a first argument of type 'SalesReturnDto' could be found (are you missing a using directive or an assembly reference?) [C:\Users\ALlahabi\Desktop\Sales Management System\SalesSystem\SalesSystem.Desktop\SalesSystem.Desktop.csproj]
C:\Users\ALlahabi\Desktop\Sales Management System\SalesSystem\SalesSystem.Desktop\Controls\Returns\ReturnsListControl.cs(87,103): error CS1061: 'SalesReturnDto' does not contain a definition for 'InvoiceDate' and no accessible extension method 'InvoiceDate' accepting a first argument of type 'SalesReturnDto' could be found (are you missing a using directive or an assembly reference?) [C:\Users\ALlahabi\Desktop\Sales Management System\SalesSystem\SalesSystem.Desktop\SalesSystem.Desktop.csproj]
C:\Users\ALlahabi\Desktop\Sales Management System\SalesSystem\SalesSystem.Desktop\Controls\Purchases\PurchasesListControl.cs(160,59): error CS8208: It is not legal to use the type 'dynamic' in a pattern. [C:\Users\ALlahabi\Desktop\Sales Management System\SalesSystem\SalesSystem.Desktop\SalesSystem.Desktop.csproj]
C:\Users\ALlahabi\Desktop\Sales Management System\SalesSystem\SalesSystem.Desktop\Controls\Purchases\PurchasesListControl.cs(174,59): error CS8208: It is not legal to use the type 'dynamic' in a pattern. [C:\Users\ALlahabi\Desktop\Sales Management System\SalesSystem\SalesSystem.Desktop\SalesSystem.Desktop.csproj]
C:\Users\ALlahabi\Desktop\Sales Management System\SalesSystem\SalesSystem.Desktop\Controls\Returns\ReturnsListControl.cs(93,93): error CS1061: 'PurchaseReturnDto' does not contain a definition for 'InvoiceNo' and no accessible extension method 'InvoiceNo' accepting a first argument of type 'PurchaseReturnDto' could be found (are you missing a using directive or an assembly reference?) [C:\Users\ALlahabi\Desktop\Sales Management System\SalesSystem\SalesSystem.Desktop\SalesSystem.Desktop.csproj]
C:\Users\ALlahabi\Desktop\Sales Management System\SalesSystem\SalesSystem.Desktop\Controls\Returns\ReturnsListControl.cs(93,106): error CS1061: 'PurchaseReturnDto' does not contain a definition for 'InvoiceDate' and no accessible extension method 'InvoiceDate' accepting a first argument of type 'PurchaseReturnDto' could be found (are you missing a using directive or an assembly reference?) [C:\Users\ALlahabi\Desktop\Sales Management System\SalesSystem\SalesSystem.Desktop\SalesSystem.Desktop.csproj]
C:\Users\ALlahabi\Desktop\Sales Management System\SalesSystem\SalesSystem.Desktop\Controls\SalesReturns\SalesReturnsListControl.cs(151,30): error CS7036: There is no argument given that corresponds to the required parameter 'eventBus' of 'SalesReturnForm.SalesReturnForm(ISalesReturnApiService, ICustomerApiService, IProductApiService, IWarehouseApiService, INotificationService, IEventBus, SalesReturnDto?)' [C:\Users\ALlahabi\Desktop\Sales Management System\SalesSystem\SalesSystem.Desktop\SalesSystem.Desktop.csproj]
C:\Users\ALlahabi\Desktop\Sales Management System\SalesSystem\SalesSystem.Desktop\Controls\Sales\SalesListControl.cs(210,55): error CS8208: It is not legal to use the type 'dynamic' in a pattern. [C:\Users\ALlahabi\Desktop\Sales Management System\SalesSystem\SalesSystem.Desktop\SalesSystem.Desktop.csproj]
C:\Users\ALlahabi\Desktop\Sales Management System\SalesSystem\SalesSystem.Desktop\Controls\Sales\SalesListControl.cs(232,55): error CS8208: It is not legal to use the type 'dynamic' in a pattern. [C:\Users\ALlahabi\Desktop\Sales Management System\SalesSystem\SalesSystem.Desktop\SalesSystem.Desktop.csproj]
    125 Warning(s)
    43 Error(s)

Time Elapsed 00:00:08.94
